mise WARN  failed to write cache file: /Users/jeickmeier/Library/Caches/mise/protoc/35.1/bin_paths-a7857.msgpack.z Operation not permitted (os error 1)
mise WARN  failed to write cache file: /Users/jeickmeier/Library/Caches/mise/watchexec/2.5.1/bin_paths-a7857.msgpack.z Operation not permitted (os error 1)
[check] $ python3 scripts/check_repository.py
PASS: workspace edges, host isolation, single pinned GPUI identity, optional Kit and local Markdown file links.
Core/export isolation targets: aarch64-apple-darwin, x86_64-unknown-linux-gnu, wasm32-unknown-unknown
Scope: default resolved features; graph checks are not target execution. External links/anchors and unlisted host packages need review.
licenses ok, sources ok
    Finished `dev` profile [unoptimized + debuginfo] target(s) in 0.36s
warning: the following packages contain code that will be rejected by a future version of Rust: block v0.1.6
note: to see what the problems were, use the option `--future-incompat-report`, or run `cargo report future-incompatibilities --id 1`
    Finished `dev` profile [unoptimized + debuginfo] target(s) in 0.51s
warning: the following packages contain code that will be rejected by a future version of Rust: block v0.1.6
note: to see what the problems were, use the option `--future-incompat-report`, or run `cargo report future-incompatibilities --id 1`
    Finished `dev` profile [unoptimized + debuginfo] target(s) in 0.36s
warning: the following packages contain code that will be rejected by a future version of Rust: block v0.1.6
note: to see what the problems were, use the option `--future-incompat-report`, or run `cargo report future-incompatibilities --id 1`
    Finished `dev` profile [unoptimized + debuginfo] target(s) in 0.56s
warning: the following packages contain code that will be rejected by a future version of Rust: block v0.1.6
note: to see what the problems were, use the option `--future-incompat-report`, or run `cargo report future-incompatibilities --id 1`
    Checking chart-gallery v0.1.0 (/Users/jeickmeier/Projects/finstack-chart/examples/chart-gallery)
    Checking chart-export v0.1.0 (/Users/jeickmeier/Projects/finstack-chart/crates/chart-export)
    Checking chart-core v0.1.0 (/Users/jeickmeier/Projects/finstack-chart/crates/chart-core)
    Finished `dev` profile [unoptimized + debuginfo] target(s) in 0.91s
warning: the following packages contain code that will be rejected by a future version of Rust: block v0.1.6
note: to see what the problems were, use the option `--future-incompat-report`, or run `cargo report future-incompatibilities --id 1`
    Checking chart-gallery v0.1.0 (/Users/jeickmeier/Projects/finstack-chart/examples/chart-gallery)
    Checking chart-export v0.1.0 (/Users/jeickmeier/Projects/finstack-chart/crates/chart-export)
    Checking chart-core v0.1.0 (/Users/jeickmeier/Projects/finstack-chart/crates/chart-core)
    Finished `dev` profile [unoptimized + debuginfo] target(s) in 0.65s
warning: the following packages contain code that will be rejected by a future version of Rust: block v0.1.6
note: to see what the problems were, use the option `--future-incompat-report`, or run `cargo report future-incompatibilities --id 1`
 Documenting chart-gallery v0.1.0 (/Users/jeickmeier/Projects/finstack-chart/examples/chart-gallery)
 Documenting chart-export v0.1.0 (/Users/jeickmeier/Projects/finstack-chart/crates/chart-export)
 Documenting chart-core v0.1.0 (/Users/jeickmeier/Projects/finstack-chart/crates/chart-core)
    Finished `dev` profile [unoptimized + debuginfo] target(s) in 2.84s
warning: the following packages contain code that will be rejected by a future version of Rust: block v0.1.6
note: to see what the problems were, use the option `--future-incompat-report`, or run `cargo report future-incompatibilities --id 1`
   Generated /Users/jeickmeier/Projects/finstack-chart/target/scale-integration-target/doc/chart_core/index.html and 8 other files
    Blocking waiting for file lock on build directory
    Finished `dev` profile [unoptimized + debuginfo] target(s) in 1.35s
