   Compiling chart-core v0.1.0 (/repo/crates/chart-core)
    Finished `test` profile [unoptimized + debuginfo] target(s) in 5.69s
     Running tests/color_parity.rs (/target/debug/deps/color_parity-eb7b828b7de6c2c2)

running 3 tests
test color_descriptors_parser_budgets_and_channel_names_reject_malformed_inputs ... ok
test independent_color_math_and_quantization_preserve_floating_information ... ok
test complete_color_oracle_covers_all_constructors_and_inherited_operations ... ok

test result: ok. 3 passed; 0 failed; 0 ignored; 0 measured; 0 filtered out; finished in 0.12s

     Running tests/paint_integration.rs (/target/debug/deps/paint_integration-a053448030b174fb)

running 5 tests
test paint_retains_descriptors_and_legacy_bytes_with_strict_ingestion ... ok
test floating_palette_avoids_endpoint_rounding_and_preserves_legacy_mapping ... ok
test floating_color_only_edits_reuse_statistics_and_match_fresh_batch ... ok
test perceptual_palette_changes_reuse_tables_targets_and_update_guides ... ok
test every_retained_paint_location_requires_version_four_and_preserves_legacy_versions ... ok

test result: ok. 5 passed; 0 failed; 0 ignored; 0 measured; 0 filtered out; finished in 0.01s

     Running tests/scale_interpolated.rs (/target/debug/deps/scale_interpolated-46f7f18a25e6da30)

running 3 tests
test custom_typed_interpolation_midpoint_rounding_and_rank_degeneracies ... ok
test continuous_typed_ranges_use_shared_numeric_knots ... ok
test all_pinned_sequential_diverging_and_rank_cases_match ... ok

test result: ok. 3 passed; 0 failed; 0 ignored; 0 measured; 0 filtered out; finished in 0.06s

