RUN node /Users/jeickmeier/.npm/_npx/e04ecd76da0b5726/node_modules/typescript/lib/tsc.js --version
Version 6.0.2
RUN /Users/jeickmeier/.local/share/mise/installs/python/3.14.6/bin/python -m mypy --version
mypy 2.3.0 (compiled: yes)
RUN cargo run -p chart-export --example primary_binding_proof --locked -- /Users/jeickmeier/Projects/finstack-chart/target/color-acceptance-primary/native
ut "input-host-tools" / "edit-undo"
primary input "input-host-tools" / "edit-redo"
primary input "input-host-tools" / "select-source"
primary input "input-host-tools" / "capture-semantic-selection"
primary input "input-host-tools" / "resolve-table-selection"
primary input "input-host-tools" / "repeated-table-selection"
primary input "input-host-tools" / "linked-echo-suppressed"
primary input "input-host-tools" / "missing-source-rejected"
primary input "input-host-tools" / "missing-source-reported"
primary input "input-host-tools" / "wrong-edit-constraint-type"
primary input "input-host-tools" / "accessible-page-budget"
primary input "input-host-tools" / "pan-selected-source-outside"
primary input "input-host-tools" / "capture-clipped-selection"
primary input "input-host-category-link" / "select-gamma"
primary input "input-host-category-link" / "show-alpha-only"
primary input "input-host-category-link" / "capture-hidden-category-selection"
primary input "input-host-category-link" / "resolve-hidden-category-selection"
primary input "input-host-category-link" / "visible-table-remains-alpha-only"
primary action "configure"
primary action "configure-noop"
primary action "hover"
primary action "hover-noop"
primary action "focus"
primary action "pin"
primary action "select"
primary action "stale"
primary action "begin-annotation"
primary action "preview"
primary action "cancel"
primary action "begin-annotation-again"
primary action "preview-again"
primary action "commit"
primary action "undo"
primary action "redo"
primary action "viewport"
primary action "freeze"
primary action "resume"
primary action "legend"
primary action "linked"
primary action "linked-echo"
primary action "reset"
PASS primary Rust source, actions, replay, definition-only edit and detached capture fixture
RUN cargo build -p chart-python --features extension-module,extension-proof --locked
    Blocking waiting for file lock on build directory
   Compiling chart-python v0.1.0 (/Users/jeickmeier/Projects/finstack-chart/crates/chart-python)
    Finished `dev` profile [unoptimized + debuginfo] target(s) in 4.02s
RUN /Users/jeickmeier/.local/share/mise/installs/python/3.14.6/bin/python /Users/jeickmeier/Projects/finstack-chart/scripts/bindings/authoring/python_proof.py /Users/jeickmeier/Projects/finstack-chart/target/color-acceptance-primary/python-module /Users/jeickmeier/Projects/finstack-chart/target/color-acceptance-primary/python
PASS primary Python 23 action transitions and 47 independent input steps
PASS primary Python 70-step streaming replay
PASS primary Python exact data, copy/accessor ownership, actions/queries, stale fences, edits, capture matrix, queues, disposal, retention and interpreter detachment
RUN cargo build -p chart-wasm --features extension-proof --target wasm32-unknown-unknown --locked
    Finished `dev` profile [unoptimized + debuginfo] target(s) in 0.24s
RUN /private/tmp/wp09-tools/wasm-bindgen-0.2.128-aarch64-apple-darwin/wasm-bindgen /Users/jeickmeier/Projects/finstack-chart/target/scale-integration-target/wasm32-unknown-unknown/debug/chart_wasm.wasm --target nodejs --out-dir /Users/jeickmeier/Projects/finstack-chart/target/color-acceptance-primary/wasm-module
RUN node --expose-gc /Users/jeickmeier/Projects/finstack-chart/scripts/bindings/authoring/wasm_proof.cjs /Users/jeickmeier/Projects/finstack-chart/target/color-acceptance-primary/wasm-module /Users/jeickmeier/Projects/finstack-chart/target/color-acceptance-primary/wasm
PASS primary WASM 23 action transitions and 47 independent input steps
PASS primary WASM 70-step streaming replay
PASS primary WASM exact data, copies/accessors, actions/queries, stale fences, edits, capture matrix, queues, disposal, retention and memory plateau
RUN /Users/jeickmeier/.local/share/mise/installs/python/3.14.6/bin/python /Users/jeickmeier/Projects/finstack-chart/scripts/bindings/authoring/compare.py /Users/jeickmeier/Projects/finstack-chart/target/color-acceptance-primary
PASS three primary authors: initial
PASS three primary authors: scene
PASS three primary authors: action
PASS three primary authors: zoom
PASS three primary authors: transaction
PASS three primary authors: replay
PASS three primary authors: final
PASS three primary authors: exact
PASS three primary authors: statistics
PASS three primary authors: extension
PASS three primary authors: extension-scene
PASS independent domains, means, OLS, exact timestamp/integer/null/category values, source identity relationships, updates, captures and image sizes
PASS 34 primary statistic/position/geometry/scale/facet/composition families: full semantic and scene parity
PASS primary runtime replay: runtime-actions 23
PASS primary runtime replay: runtime-input 47
PASS primary three-host 70-step streaming receipts, retained rows, exact bins, independent summaries and historical pins
RUN node /Users/jeickmeier/.npm/_npx/e04ecd76da0b5726/node_modules/typescript/lib/tsc.js --noEmit --strict --target es2022 --lib es2022,esnext.disposable --module nodenext /Users/jeickmeier/Projects/finstack-chart/target/color-acceptance-primary/typing/consumer.cts
RUN /Users/jeickmeier/.local/share/mise/installs/python/3.14.6/bin/python -m mypy --strict --cache-dir /Users/jeickmeier/Projects/finstack-chart/target/color-acceptance-primary/mypy-cache /Users/jeickmeier/Projects/finstack-chart/scripts/bindings/authoring/typing_valid.py
Success: no issues found in 1 source file
RUN /Users/jeickmeier/.local/share/mise/installs/python/3.14.6/bin/python -m mypy --strict --cache-dir /Users/jeickmeier/Projects/finstack-chart/target/color-acceptance-primary/mypy-cache /Users/jeickmeier/Projects/finstack-chart/scripts/bindings/authoring/typing_invalid.py
scripts/bindings/authoring/typing_invalid.py:4: error: "Labels" has no attribute "title"  [attr-defined]
scripts/bindings/authoring/typing_invalid.py:5: error: Argument 1 to "title" of "PlotBuilder" has incompatible type "Labels"; expected "Title"  [arg-type]
scripts/bindings/authoring/typing_invalid.py:6: error: Argument 1 to "title" of "PlotBuilder" has incompatible type "Subtitle"; expected "Title"  [arg-type]
scripts/bindings/authoring/typing_invalid.py:7: error: Argument 1 to "layer" of "PlotBuilder" has incompatible type "Legend"; expected "Layer | Labels | Callout | VectorPath"  [arg-type]
scripts/bindings/authoring/typing_invalid.py:8: error: "PlotEdit" has no attribute "data"  [attr-defined]
Found 5 errors in 1 file (checked 1 source file)
RUN cargo run -p chart-export --example ggplot_stage_proof --locked -- /Users/jeickmeier/Projects/finstack-chart/target/color-acceptance-primary/stages/rust
    Finished `dev` profile [unoptimized + debuginfo] target(s) in 0.15s
     Running `target/scale-integration-target/debug/examples/ggplot_stage_proof /Users/jeickmeier/Projects/finstack-chart/target/color-acceptance-primary/stages/rust`
PASS FIX-GG02 Rust: 13 primary stage figures with retained semantic profile and SVG/PDF/PNG publication.
RUN /Users/jeickmeier/.local/share/mise/installs/python/3.14.6/bin/python /Users/jeickmeier/Projects/finstack-chart/scripts/bindings/ggplot_stages.py /Users/jeickmeier/Projects/finstack-chart/target/color-acceptance-primary/python-module /Users/jeickmeier/Projects/finstack-chart/target/color-acceptance-primary/stages/python
PASS FIX-GG02 Python: 13 independently authored stage figures, R numeric/style expectations, stage rejection, static/Presented/Current capture and disposal.
RUN node /Users/jeickmeier/Projects/finstack-chart/scripts/bindings/ggplot_stages.cjs /Users/jeickmeier/Projects/finstack-chart/target/color-acceptance-primary/wasm-module /Users/jeickmeier/Projects/finstack-chart/target/color-acceptance-primary/stages/wasm
PASS FIX-GG02 WASM: 13 independently authored stage figures, R numeric/style expectations, stage rejection, static/Presented/Current capture and disposal.
RUN node /Users/jeickmeier/.npm/_npx/e04ecd76da0b5726/node_modules/typescript/lib/tsc.js --noEmit --strict --target es2022 --lib es2022,esnext.disposable --module nodenext /Users/jeickmeier/Projects/finstack-chart/target/color-acceptance-primary/typing/stages.cts
RUN /Users/jeickmeier/.local/share/mise/installs/python/3.14.6/bin/python -m mypy --strict --cache-dir /Users/jeickmeier/Projects/finstack-chart/target/color-acceptance-primary/mypy-cache /Users/jeickmeier/Projects/finstack-chart/scripts/bindings/authoring/stages_typing.py
Success: no issues found in 1 source file
RUN /Users/jeickmeier/.local/share/mise/installs/python/3.14.6/bin/python -m mypy --strict --cache-dir /Users/jeickmeier/Projects/finstack-chart/target/color-acceptance-primary/mypy-cache /Users/jeickmeier/Projects/finstack-chart/scripts/bindings/authoring/stages_typing_invalid.py
scripts/bindings/authoring/stages_typing_invalid.py:3: error: Argument 1 to "x" of "Aes" has incompatible type "StatExpression"; expected "str | float | Field | Mapping[str, object] | SourceExpression"  [arg-type]
scripts/bindings/authoring/stages_typing_invalid.py:4: error: Argument 1 to "y" of "StatAes" has incompatible type "SourceExpression"; expected "str | float | Mapping[str, object] | StatExpression"  [arg-type]
scripts/bindings/authoring/stages_typing_invalid.py:5: error: Argument 1 to "y" of "BinAes" has incompatible type "StatExpression"; expected "str | float | Mapping[str, object] | BinExpression"  [arg-type]
scripts/bindings/authoring/stages_typing_invalid.py:6: error: Argument 1 to "size" of "ScaleAes" has incompatible type "SourceExpression"; expected "ScaleExpression"  [arg-type]
scripts/bindings/authoring/stages_typing_invalid.py:7: error: Argument 1 to "add" of "_Expression" has incompatible type "StatExpression"; expected "SourceExpression | float"  [arg-type]
Found 5 errors in 1 file (checked 1 source file)
RUN /Users/jeickmeier/.local/share/mise/installs/python/3.14.6/bin/python /Users/jeickmeier/Projects/finstack-chart/scripts/bindings/color.py /Users/jeickmeier/Projects/finstack-chart/target/color-acceptance-primary/python-module /Users/jeickmeier/Projects/finstack-chart/target/color-acceptance-primary/color-python.json
PASS FIX-C01 Python: 351 cases, every constructor/method, exceptional tags, copies, strict descriptors and disposal.
RUN node /Users/jeickmeier/Projects/finstack-chart/scripts/bindings/color.cjs /Users/jeickmeier/Projects/finstack-chart/target/color-acceptance-primary/wasm-module /Users/jeickmeier/Projects/finstack-chart/target/color-acceptance-primary/color-wasm.json
PASS FIX-C01 WASM: 351 cases, all constructor/methods, exceptional tags, copies, strict descriptors and disposal.
RUN node /Users/jeickmeier/.npm/_npx/e04ecd76da0b5726/node_modules/typescript/lib/tsc.js --noEmit --strict --target es2022 --lib es2022,esnext.disposable --module nodenext /Users/jeickmeier/Projects/finstack-chart/target/color-acceptance-primary/typing/color.cts
RUN /Users/jeickmeier/.local/share/mise/installs/python/3.14.6/bin/python -m mypy --strict --cache-dir /Users/jeickmeier/Projects/finstack-chart/target/color-acceptance-primary/mypy-cache /Users/jeickmeier/Projects/finstack-chart/scripts/bindings/authoring/color_typing.py
Success: no issues found in 1 source file
RUN /Users/jeickmeier/.local/share/mise/installs/python/3.14.6/bin/python -m mypy --strict --cache-dir /Users/jeickmeier/Projects/finstack-chart/target/color-acceptance-primary/mypy-cache /Users/jeickmeier/Projects/finstack-chart/scripts/bindings/authoring/color_typing_invalid.py
scripts/bindings/authoring/color_typing_invalid.py:2: error: No overload variant of "rgb" matches argument types "int", "int"  [call-overload]
scripts/bindings/authoring/color_typing_invalid.py:2: note: Possible overload variants:
scripts/bindings/authoring/color_typing_invalid.py:2: note:     def rgb(value: str | ColorValue) -> ColorValue
scripts/bindings/authoring/color_typing_invalid.py:2: note:     def rgb(r: float, g: float, b: float, opacity: float = ...) -> ColorValue
scripts/bindings/authoring/color_typing_invalid.py:3: error: No overload variant of "hsl" matches argument types "str", "str", "str"  [call-overload]
scripts/bindings/authoring/color_typing_invalid.py:3: note: Possible overload variants:
scripts/bindings/authoring/color_typing_invalid.py:3: note:     def hsl(value: str | ColorValue) -> ColorValue
scripts/bindings/authoring/color_typing_invalid.py:3: note:     def hsl(h: float, s: float, l: float, opacity: float = ...) -> ColorValue
scripts/bindings/authoring/color_typing_invalid.py:4: error: Argument 1 to "color" has incompatible type "int"; expected "str"  [arg-type]
scripts/bindings/authoring/color_typing_invalid.py:5: error: Argument 1 to "gray" has incompatible type "str"; expected "float"  [arg-type]
scripts/bindings/authoring/color_typing_invalid.py:6: error: Argument 1 to "convert" of "ColorValue" has incompatible type "Literal['unknown']"; expected "Literal['Rgb', 'Hsl', 'Lab', 'Hcl', 'Cubehelix', 'rgb', 'hsl', 'lab', 'hcl', 'lch', 'cubehelix']"  [arg-type]
Found 5 errors in 1 file (checked 1 source file)
RUN /Users/jeickmeier/.local/share/mise/installs/python/3.14.6/bin/python /Users/jeickmeier/Projects/finstack-chart/scripts/bindings/interpolate.py /Users/jeickmeier/Projects/finstack-chart/target/color-acceptance-primary/python-module /Users/jeickmeier/Projects/finstack-chart/target/color-acceptance-primary/interpolate-python.json
PASS FIX-I01 Python: 370 value/configuration cases, 36 browser transform cases, owned samples, descriptors and disposal.
RUN node /Users/jeickmeier/Projects/finstack-chart/scripts/bindings/interpolate.cjs /Users/jeickmeier/Projects/finstack-chart/target/color-acceptance-primary/wasm-module /Users/jeickmeier/Projects/finstack-chart/target/color-acceptance-primary/interpolate-wasm.json
PASS FIX-I01 WASM: 370 value/configuration cases, 36 browser transforms, owned samples, descriptors and disposal.
RUN node /Users/jeickmeier/.npm/_npx/e04ecd76da0b5726/node_modules/typescript/lib/tsc.js --noEmit --strict --target es2022 --lib es2022,esnext.disposable --module nodenext /Users/jeickmeier/Projects/finstack-chart/target/color-acceptance-primary/typing/interpolate.cts
RUN /Users/jeickmeier/.local/share/mise/installs/python/3.14.6/bin/python -m mypy --strict --cache-dir /Users/jeickmeier/Projects/finstack-chart/target/color-acceptance-primary/mypy-cache /Users/jeickmeier/Projects/finstack-chart/scripts/bindings/authoring/interpolate_typing.py
Success: no issues found in 1 source file
RUN /Users/jeickmeier/.local/share/mise/installs/python/3.14.6/bin/python -m mypy --strict --cache-dir /Users/jeickmeier/Projects/finstack-chart/target/color-acceptance-primary/mypy-cache /Users/jeickmeier/Projects/finstack-chart/scripts/bindings/authoring/interpolate_typing_invalid.py
scripts/bindings/authoring/interpolate_typing_invalid.py:2: error: Argument 1 to "sample" of "Interpolator" has incompatible type "str"; expected "float"  [arg-type]
scripts/bindings/authoring/interpolate_typing_invalid.py:3: error: "_NumericFactory" has no attribute "gamma"  [attr-defined]
scripts/bindings/authoring/interpolate_typing_invalid.py:4: error: Argument 1 to "numeric_array" has incompatible type "Literal['BigInt64Array']"; expected "Literal['Float32Array', 'Float64Array', 'Int8Array', 'Uint8Array', 'Uint8ClampedArray', 'Int16Array', 'Uint16Array', 'Int32Array', 'Uint32Array']"  [arg-type]
scripts/bindings/authoring/interpolate_typing_invalid.py:5: error: Argument 2 to "quantize" has incompatible type "float"; expected "int"  [arg-type]
scripts/bindings/authoring/interpolate_typing_invalid.py:6: error: Argument 1 to "rho" of "_ZoomFactory" has incompatible type "str"; expected "float"  [arg-type]
scripts/bindings/authoring/interpolate_typing_invalid.py:7: error: No overload variant of "piecewise" matches argument types "Callable[[Any, Any], Any]", "list[int]"  [call-overload]
scripts/bindings/authoring/interpolate_typing_invalid.py:7: note: Possible overload variants:
scripts/bindings/authoring/interpolate_typing_invalid.py:7: note:     def piecewise(values: Sequence[InterpolationInput]) -> Interpolator[InterpolationResult]
scripts/bindings/authoring/interpolate_typing_invalid.py:7: note:     def [_T] piecewise(factory: _FactoryBase[_T], values: Sequence[InterpolationInput]) -> Interpolator[_T]
Found 6 errors in 1 file (checked 1 source file)
RUN cargo run -p chart-export --example paint_proof --locked -- /Users/jeickmeier/Projects/finstack-chart/target/color-acceptance-primary/paint/rust
    Finished `dev` profile [unoptimized + debuginfo] target(s) in 0.14s
     Running `target/scale-integration-target/debug/examples/paint_proof /Users/jeickmeier/Projects/finstack-chart/target/color-acceptance-primary/paint/rust`
PASS CLR-04 Rust: four public paint figures, version-four round trips and retained output background.
RUN /Users/jeickmeier/.local/share/mise/installs/python/3.14.6/bin/python /Users/jeickmeier/Projects/finstack-chart/scripts/bindings/paint.py /Users/jeickmeier/Projects/finstack-chart/target/color-acceptance-primary/python-module /Users/jeickmeier/Projects/finstack-chart/target/color-acceptance-primary/paint/python
PASS CLR-04 Python: four independently authored publication figures, every paint input, strict descriptors and retained ownership.
RUN node /Users/jeickmeier/Projects/finstack-chart/scripts/bindings/paint.cjs /Users/jeickmeier/Projects/finstack-chart/target/color-acceptance-primary/wasm-module /Users/jeickmeier/Projects/finstack-chart/target/color-acceptance-primary/paint/wasm
PASS CLR-04 WASM: four independently authored publication figures, every paint input, strict descriptors and retained ownership.
RUN cargo run -p chart-export --example color_acceptance_proof --locked -- /Users/jeickmeier/Projects/finstack-chart/target/color-acceptance-primary/color-acceptance/rust
   Compiling chart-export v0.1.0 (/Users/jeickmeier/Projects/finstack-chart/crates/chart-export)
    Finished `dev` profile [unoptimized + debuginfo] target(s) in 0.74s
     Running `target/scale-integration-target/debug/examples/color_acceptance_proof /Users/jeickmeier/Projects/finstack-chart/target/color-acceptance-primary/color-acceptance/rust`
PASS CLR-05: three v5 color figures and immutable SVG/PDF/PNG publication.
RUN /Users/jeickmeier/.local/share/mise/installs/python/3.14.6/bin/python /Users/jeickmeier/Projects/finstack-chart/scripts/bindings/color_acceptance.py /Users/jeickmeier/Projects/finstack-chart/target/color-acceptance-primary/python-module /Users/jeickmeier/Projects/finstack-chart/target/color-acceptance-primary/color-acceptance/python
PASS CLR-05 Python: three independently authored perceptual/alpha/grayscale figures and retained publication.
RUN node /Users/jeickmeier/Projects/finstack-chart/scripts/bindings/color_acceptance.cjs /Users/jeickmeier/Projects/finstack-chart/target/color-acceptance-primary/wasm-module /Users/jeickmeier/Projects/finstack-chart/target/color-acceptance-primary/color-acceptance/wasm
PASS CLR-05 WASM: three independently authored perceptual/alpha/grayscale figures and retained publication.
RUN cargo test -p chart-core --test scale_operations --test scale_population --test scale_calendar --test scale_numeric --locked
eil_offset_and_ticks ... ok
test automatic_fixed_zone_ticks_and_nice_match_all_reference_counts ... ok
test fixed_zone_time_mapping_and_inverse_match_reference ... ok
test original_time_scale_inventory_matches_declared_integer_date_overlap ... ok
test expanded_filtered_intervals_custom_formats_and_utc_day_selection_match ... ok

test result: ok. 8 passed; 0 failed; 0 ignored; 0 measured; 0 filtered out; finished in 0.48s

     Running tests/scale_numeric.rs (target/scale-integration-target/debug/deps/scale_numeric-5bdafc7d6304fd1e)

running 3 tests
test chart_clamp_uses_effective_mapping_domain ... ok
test independent_piecewise_radial_clamp_and_copy_contracts ... ok
test pinned_numeric_mapping_and_inverse_families_match ... ok

test result: ok. 3 passed; 0 failed; 0 ignored; 0 measured; 0 filtered out; finished in 0.05s

     Running tests/scale_operations.rs (target/scale-integration-target/debug/deps/scale_operations-bf81001f7bee2573)

running 2 tests
test standalone_named_options_are_atomic_and_capabilities_are_checked ... ok
test every_pinned_operation_and_declared_adaptation_is_observable ... ok

test result: ok. 2 passed; 0 failed; 0 ignored; 0 measured; 0 filtered out; finished in 0.69s

     Running tests/scale_population.rs (target/scale-integration-target/debug/deps/scale_population-6ed0d75201cd90c2)

running 4 tests
test classifier_labels_are_compact_without_merging_distinct_cutpoints ... ok
test numeric_thresholds_read_integer_columns_numerically_and_explicit_keys_stay_exact ... ok
test faceted_quantiles_count_duplicate_observations_and_broadcast_population_once ... ok
test ordinal_and_quantile_updates_match_independent_retained_batches_and_keep_old_owners ... ok

test result: ok. 4 passed; 0 failed; 0 ignored; 0 measured; 0 filtered out; finished in 0.01s

RUN cargo run -p chart-export --example scale_proof --locked -- /Users/jeickmeier/Projects/finstack-chart/target/color-acceptance-primary/scales/rust
    Finished `dev` profile [unoptimized + debuginfo] target(s) in 0.14s
     Running `target/scale-integration-target/debug/examples/scale_proof /Users/jeickmeier/Projects/finstack-chart/target/color-acceptance-primary/scales/rust`
PASS SP-07: five v5 scale figures and immutable SVG/PDF/PNG publication.
RUN /Users/jeickmeier/.local/share/mise/installs/python/3.14.6/bin/python /Users/jeickmeier/Projects/finstack-chart/scripts/bindings/scales.py /Users/jeickmeier/Projects/finstack-chart/target/color-acceptance-primary/python-module /Users/jeickmeier/Projects/finstack-chart/target/color-acceptance-primary/scales/python-scales.json
PASS Python FIX-20 raw/public [{'cases': 661, 'operations': 19562, 'adaptations': 1112, 'diagnostics': 275, 'public': False}, {'cases': 661, 'operations': 19562, 'adaptations': 1112, 'diagnostics': 275, 'public': True}]
RUN node /Users/jeickmeier/Projects/finstack-chart/scripts/bindings/scales.cjs /Users/jeickmeier/Projects/finstack-chart/target/color-acceptance-primary/wasm-module /Users/jeickmeier/Projects/finstack-chart/target/color-acceptance-primary/scales/wasm-scales.json
PASS WASM FIX-20 raw/public [
  {
    cases: 661,
    operations: 19562,
    adaptations: 1112,
    diagnostics: 275,
    public: false
  },
  {
    cases: 661,
    operations: 19562,
    adaptations: 1112,
    diagnostics: 275,
    public: true
  }
]
RUN cargo test -p chart-export --test scale_calendar --locked
    Finished `test` profile [unoptimized + debuginfo] target(s) in 0.10s
     Running tests/scale_calendar.rs (target/scale-integration-target/debug/deps/scale_calendar-4b308155db3b3bf4)

running 2 tests
test calendar_axis_preserves_piecewise_knots_units_and_visible_windows ... ok
test fold_gap_labels_and_geometry_share_revision_in_v5_publication ... ok

test result: ok. 2 passed; 0 failed; 0 ignored; 0 measured; 0 filtered out; finished in 5.32s

RUN /Users/jeickmeier/.local/share/mise/installs/python/3.14.6/bin/python /Users/jeickmeier/Projects/finstack-chart/scripts/bindings/time.py /Users/jeickmeier/Projects/finstack-chart/target/color-acceptance-primary/python-module /Users/jeickmeier/Projects/finstack-chart/target/color-acceptance-primary/scales/time-python /Users/jeickmeier/Projects/finstack-chart/target/color-acceptance-primary/scales/time-rust --public
PASS SP-06 Python {'intervals': 2750, 'formats': 990, 'automatic': 240, 'mapping': 160} two retained publication fixtures and exact integer lifecycle
RUN node /Users/jeickmeier/Projects/finstack-chart/scripts/bindings/time.cjs /Users/jeickmeier/Projects/finstack-chart/target/color-acceptance-primary/wasm-module /Users/jeickmeier/Projects/finstack-chart/target/color-acceptance-primary/scales/time-wasm /Users/jeickmeier/Projects/finstack-chart/target/color-acceptance-primary/scales/time-rust --public
PASS SP-06 WASM { intervals: 2750, formats: 990, automatic: 240, mapping: 160 } two retained publication fixtures and exact bigint lifecycle
RUN /Users/jeickmeier/.local/share/mise/installs/python/3.14.6/bin/python /Users/jeickmeier/Projects/finstack-chart/scripts/bindings/scale_gallery.py /Users/jeickmeier/Projects/finstack-chart/target/color-acceptance-primary/python-module /Users/jeickmeier/Projects/finstack-chart/target/color-acceptance-primary/scales/python
PASS SP-07 Python: five independently authored v5 scale figures, typed source routes and retained SVG/PDF/PNG.
RUN node /Users/jeickmeier/Projects/finstack-chart/scripts/bindings/scale_gallery.cjs /Users/jeickmeier/Projects/finstack-chart/target/color-acceptance-primary/wasm-module /Users/jeickmeier/Projects/finstack-chart/target/color-acceptance-primary/scales/wasm
PASS SP-07 WASM: five independently authored v5 scale figures, typed source routes and retained SVG/PDF/PNG.
RUN /Users/jeickmeier/.local/share/mise/installs/python/3.14.6/bin/python /Users/jeickmeier/Projects/finstack-chart/scripts/bindings/scale_interaction.py /Users/jeickmeier/Projects/finstack-chart/target/color-acceptance-primary/python-module /Users/jeickmeier/Projects/finstack-chart/target/color-acceptance-primary/scales/python-interaction.json
PASS SP-07 Python piecewise numeric/time navigation, inspection, brushing, linking and retained exports.
RUN node /Users/jeickmeier/Projects/finstack-chart/scripts/bindings/scale_interaction.cjs /Users/jeickmeier/Projects/finstack-chart/target/color-acceptance-primary/wasm-module /Users/jeickmeier/Projects/finstack-chart/target/color-acceptance-primary/scales/wasm-interaction.json
PASS SP-07 WASM piecewise numeric/time navigation, inspection, brushing, linking and retained exports.
RUN /Users/jeickmeier/.local/share/mise/installs/python/3.14.6/bin/python /Users/jeickmeier/Projects/finstack-chart/scripts/bindings/scale_updates.py /Users/jeickmeier/Projects/finstack-chart/target/color-acceptance-primary/python-module /Users/jeickmeier/Projects/finstack-chart/target/color-acceptance-primary/scales/python-updates.json
PASS SP-07 Python: sixteen append/upsert/remove/retention steps match fresh batch PNG; exact uint64 categories and old captures survive.
RUN node /Users/jeickmeier/Projects/finstack-chart/scripts/bindings/scale_updates.cjs /Users/jeickmeier/Projects/finstack-chart/target/color-acceptance-primary/wasm-module /Users/jeickmeier/Projects/finstack-chart/target/color-acceptance-primary/scales/wasm-updates.json
PASS SP-07 WASM: sixteen append/upsert/remove/retention steps match fresh batch PNG; exact uint64 categories and old captures survive.
RUN node --expose-gc /Users/jeickmeier/Projects/finstack-chart/scripts/bindings/scale_memory.cjs /Users/jeickmeier/Projects/finstack-chart/target/color-acceptance-primary/wasm-module /Users/jeickmeier/Projects/finstack-chart/target/color-acceptance-primary/scales/memory.json
PASS SP-07 owned scale allocation plateau [ 3211264, 3211264, 3211264, 3211264, 3211264, 3211264 ]
RUN node /Users/jeickmeier/.npm/_npx/e04ecd76da0b5726/node_modules/typescript/lib/tsc.js --noEmit --strict --target es2022 --lib es2022,esnext.disposable --module nodenext /Users/jeickmeier/Projects/finstack-chart/target/color-acceptance-primary/typing/scales.cts
RUN /Users/jeickmeier/.local/share/mise/installs/python/3.14.6/bin/python -m mypy --strict --cache-dir /Users/jeickmeier/Projects/finstack-chart/target/color-acceptance-primary/mypy-cache /Users/jeickmeier/Projects/finstack-chart/scripts/bindings/authoring/scale_typing.py
Success: no issues found in 1 source file
RUN /Users/jeickmeier/.local/share/mise/installs/python/3.14.6/bin/python -m mypy --strict --cache-dir /Users/jeickmeier/Projects/finstack-chart/target/color-acceptance-primary/mypy-cache /Users/jeickmeier/Projects/finstack-chart/scripts/bindings/authoring/scale_typing_invalid.py
ing', 'diverging_log', 'diverging_pow', 'diverging_sqrt', 'diverging_symlog', 'utc', 'local']"  [arg-type]
scripts/bindings/authoring/scale_typing_invalid.py:3: error: List item 0 has incompatible type "object"; expected "int | float | str | ScaleKey | MissingValue | None"  [list-item]
scripts/bindings/authoring/scale_typing_invalid.py:4: error: Argument "unit" to "StandaloneScale" has incompatible type "Literal['fortnights']"; expected "Literal['Seconds', 'Milliseconds', 'Microseconds', 'Nanoseconds']"  [arg-type]
scripts/bindings/authoring/scale_typing_invalid.py:5: error: Argument 1 to "floor" of "StandaloneScale" has incompatible type "str"; expected "int"  [arg-type]
scripts/bindings/authoring/scale_typing_invalid.py:6: error: Argument "clamp" to "configure" of "StandaloneScale" has incompatible type "str"; expected "bool"  [arg-type]
scripts/bindings/authoring/scale_typing_invalid.py:7: error: No overload variant of "ScaleKey" matches argument types "str", "str"  [call-overload]
scripts/bindings/authoring/scale_typing_invalid.py:7: note: Possible overload variants:
scripts/bindings/authoring/scale_typing_invalid.py:7: note:     def ScaleKey(kind: Literal['Integer', 'Unsigned', 'Timestamp'], value: int) -> ScaleKey
scripts/bindings/authoring/scale_typing_invalid.py:7: note:     def ScaleKey(kind: Literal['Number'], value: float) -> ScaleKey
scripts/bindings/authoring/scale_typing_invalid.py:7: note:     def ScaleKey(kind: Literal['Text'], value: str) -> ScaleKey
scripts/bindings/authoring/scale_typing_invalid.py:7: note:     def ScaleKey(kind: Literal['Boolean'], value: bool) -> ScaleKey
scripts/bindings/authoring/scale_typing_invalid.py:7: note:     def ScaleKey(kind: Literal['Null'], value: None = ...) -> ScaleKey
Found 6 errors in 1 file (checked 1 source file)
PASS FIX-AUTH07 primary runtime and type proofs: /Users/jeickmeier/Projects/finstack-chart/target/color-acceptance-primary. Artifact inspection remains a separate recorded check.
