    Blocking waiting for file lock on build directory
   Compiling chart-core v0.1.0 (/Users/jeickmeier/Projects/finstack-chart/crates/chart-core)
    Finished `test` profile [unoptimized + debuginfo] target(s) in 22.86s
     Running tests/authoring.rs (target/debug/deps/authoring-e72a047800eb2f6b)

running 13 tests
test facets_reject_same_ordinal_with_different_field_names ... ok
test component_options_reject_incompatible_owners_without_preparation ... ok
test exact_nullable_data_and_timestamps_survive_materialization ... ok
test histogram_lowers_to_the_existing_bin_kernel_and_source_membership ... ok
test automatic_timestamp_origins_align_independent_datasets_without_narrowing_ticks ... ok
test columns_and_rows_prepare_identical_values_without_manual_ids ... ok
test schema_errors_and_foreign_handles_reject_without_mutating_data ... ok
test labels_are_single_annotations_and_callout_components_preserve_the_endpoint ... ok
test nondefault_recipe_and_primary_axis_options_survive_later_components ... ok
test shared_transform_runs_once_and_generated_color_uses_its_own_stage ... ok
test imported_identity_preserves_seeded_jitter_and_rejects_ambiguous_data_owners ... ok
test grid_infers_empty_combinations_and_build_rejects_invalid_catalogs ... ok
test shared_automatic_color_catalog_is_consistent_across_data_and_updates ... ok

test result: ok. 13 passed; 0 failed; 0 ignored; 0 measured; 0 filtered out; finished in 0.00s

     Running tests/authoring_host.rs (target/debug/deps/authoring_host-496965855666fc05)

running 2 tests
test host_composition_matches_independent_bins_and_rejects_misplaced_components ... ok
test primary_envelope_roundtrip_preserves_exact_data_names_and_rejects_malformed_registry ... ok

test result: ok. 2 passed; 0 failed; 0 ignored; 0 measured; 0 filtered out; finished in 0.01s

     Running tests/full_scales.rs (target/debug/deps/full_scales-d12122b0cf1d4e57)

running 4 tests
test symlog_signed_roundtrip_extreme_ratio ... ok
test supplied_sessions_compress_gaps_and_retain_exact_large_timestamps ... ok
test logarithmic_policies_roundtrips_and_invalids ... ok
test points_and_colors_have_declared_missing_and_domain_policy ... ok

test result: ok. 4 passed; 0 failed; 0 ignored; 0 measured; 0 filtered out; finished in 0.00s

     Running tests/interpolate_color.rs (target/debug/deps/interpolate_color-3e2507b2c8696e08)

running 2 tests
test floating_channels_opacity_hue_and_splines_keep_their_contracts ... ok
test every_color_export_gamma_and_hue_matches_offline_reference ... ok

test result: ok. 2 passed; 0 failed; 0 ignored; 0 measured; 0 filtered out; finished in 0.02s

     Running tests/interpolate_descriptors.rs (target/debug/deps/interpolate_descriptors-d9128d74c924a783)

running 2 tests
test every_descriptor_family_round_trips_and_keeps_owned_samples ... ok
test color_consumers_keep_floating_channels_and_portable_validation_is_strict ... ok

test result: ok. 2 passed; 0 failed; 0 ignored; 0 measured; 0 filtered out; finished in 0.00s

     Running tests/interpolate_scalar.rs (target/debug/deps/interpolate_scalar-817ad7592387e3cb)

running 3 tests
test parameter_controls_and_output_counts_are_bounded ... ok
test independent_rounding_composition_and_owned_sampling_contracts ... ok
test every_scalar_and_composition_case_matches_the_offline_oracle ... ok

test result: ok. 3 passed; 0 failed; 0 ignored; 0 measured; 0 filtered out; finished in 0.01s

     Running tests/interpolate_values.rs (target/debug/deps/interpolate_values-474bbffd7d8a560b)

running 3 tests
test independent_target_shapes_dates_casts_and_reuse ... ok
test every_structured_value_case_matches_offline_reference_and_adaptations ... ok
test strict_value_decoding_and_aggregate_limits_reject_invalid_inputs ... ok

test result: ok. 3 passed; 0 failed; 0 ignored; 0 measured; 0 filtered out; finished in 0.06s

     Running tests/layout.rs (target/debug/deps/layout-e42cf2f4dc5efebf)

running 20 tests
test wp11_mapped_color_changes_styles_and_metadata_without_numeric_domain_changes ... ok
test invalid_scale_options_reject_even_at_tiny_bounds_before_measurement ... ok
test representable_narrow_numeric_domains_have_finite_scene_and_distinct_labels ... ok
test projection_overflow_and_category_or_guide_budgets_fail_without_replacing_a_scene ... ok
test visibility_has_its_own_scene_stamp_and_does_not_change_trained_domains ... ok
test wp11_ohlc_validation_and_volume_invalidity_are_independent ... ok
test independent_named_axes_accept_distinct_calculation_spaces_and_hidden_layers_train ... ok
test resource_and_work_errors_precede_callbacks_and_preserve_previous_scene ... ok
test wp11_area_and_ribbon_split_missing_and_validate_bounds ... ok
test tiny_empty_and_empty_histogram_have_controlled_states_and_finite_geometry ... ok
test crowded_labels_are_thinned_deterministically_with_a_pressure_diagnostic ... ok
test known_linear_geometry_clips_targets_ranges_and_inverse_share_one_scene ... ok
test outside_policies_split_lines_and_annotation_overflow_is_explicit ... ok
test category_catalogs_merge_by_label_across_layers_and_reject_numeric_statistics ... ok
test category_label_projection_survives_codes_reordering_removal_and_explicit_domain ... ok
test utc_large_origin_scene_uses_integer_inverse_and_calendar_labels ... ok
test zoom_keeps_histogram_edges_counts_membership_domains_and_snapshot ... ok
test automatic_category_training_is_eligible_and_keeps_retained_relative_order ... ok
test destination_text_changes_margins_without_recomputing_statistics ... ok
test wp11_portable_log_axis_and_secondary_units_use_shared_projection ... ok

test result: ok. 20 passed; 0 failed; 0 ignored; 0 measured; 0 filtered out; finished in 0.01s

     Running tests/paint_integration.rs (target/debug/deps/paint_integration-c8b37a8fbb9b7768)

running 4 tests
test paint_retains_descriptors_and_legacy_bytes_with_strict_ingestion ... ok
test floating_palette_avoids_endpoint_rounding_and_preserves_legacy_mapping ... ok
test floating_color_only_edits_reuse_statistics_and_match_fresh_batch ... ok
test every_retained_paint_location_requires_version_four_and_preserves_legacy_versions ... ok

test result: ok. 4 passed; 0 failed; 0 ignored; 0 measured; 0 filtered out; finished in 0.01s

     Running tests/portable.rs (target/debug/deps/portable-f732eb6c47af9857)

running 6 tests
test native_accessors_fail_serialization_instead_of_disappearing ... ok
test fix16_all_64_bits_null_payload_and_formatted_columns_round_trip ... ok
test strict_versions_required_fields_unknown_operations_and_duplicate_keys_reject ... ok
test state_restore_cannot_reuse_revision_for_changed_content ... ok
test fix15_round_trip_correction_viewport_and_aggregate_members ... ok
test bounded_decoding_and_failed_transactions_leave_data_and_state_unchanged ... ok

test result: ok. 6 passed; 0 failed; 0 ignored; 0 measured; 0 filtered out; finished in 0.01s

     Running tests/scale_categorical.rs (target/debug/deps/scale_categorical-66e41eab65a46b19)

running 3 tests
test exact_typed_keys_and_explicit_training_do_not_mutate_frozen_catalogs ... ok
test independent_spacing_windows_and_hit_geometry_preserve_category_identity ... ok
test all_pinned_band_point_and_ordinal_cases_match ... ok

test result: ok. 3 passed; 0 failed; 0 ignored; 0 measured; 0 filtered out; finished in 0.04s

     Running tests/scale_classifier.rs (target/debug/deps/scale_classifier-bf5b1175171473b7)

running 3 tests
test generic_outputs_large_keys_and_population_corrections_are_independent ... ok
test reference_constructor_defaults_are_usable_without_manual_configuration ... ok
test all_pinned_classifier_cases_match_mapping_extents_and_cuts ... ok

test result: ok. 3 passed; 0 failed; 0 ignored; 0 measured; 0 filtered out; finished in 0.05s

     Running tests/scale_interpolated.rs (target/debug/deps/scale_interpolated-790c5c4693993174)

running 3 tests
test custom_typed_interpolation_midpoint_rounding_and_rank_degeneracies ... ok
test continuous_typed_ranges_use_shared_numeric_knots ... ok
test all_pinned_sequential_diverging_and_rank_cases_match ... ok

test result: ok. 3 passed; 0 failed; 0 ignored; 0 measured; 0 filtered out; finished in 0.06s

     Running tests/scale_numeric.rs (target/debug/deps/scale_numeric-5bdafc7d6304fd1e)

running 2 tests
test independent_piecewise_radial_clamp_and_copy_contracts ... ok
test pinned_numeric_mapping_and_inverse_families_match ... ok

test result: ok. 2 passed; 0 failed; 0 ignored; 0 measured; 0 filtered out; finished in 0.04s

     Running tests/scale_ticks_format.rs (target/debug/deps/scale_ticks_format-5a56f8caa14effa2)

running 5 tests
test independent_resource_sign_rounding_and_copy_contracts ... ok
test distribution_nice_preserves_midpoints_and_rebuilds_thresholds ... ok
test all_pinned_standalone_tick_formats ... ok
test all_pinned_numeric_ticks_and_default_labels ... ok
test expanded_pinned_specifiers_locales_and_tick_boundaries ... ok

test result: ok. 5 passed; 0 failed; 0 ignored; 0 measured; 0 filtered out; finished in 0.50s

     Running tests/scales.rs (target/debug/deps/scales-9ef19060c9fb5f72)

running 9 tests
test baseline_padding_and_nice_precede_viewport_and_are_independent_of_range ... ok
test fix07_empty_constant_descending_and_explicit_domains_are_locked ... ok
test utc_calendar_matches_independent_unix_date_fixtures_and_rejects_invalid_dates ... ok
test robust_projection_handles_huge_domains_without_intermediate_overflow ... ok
test utc_ticks_follow_month_year_leap_day_and_monday_boundaries ... ok
test fix07_large_origin_time_projection_keeps_integer_precision_and_labels ... ok
test decimal_ticks_do_not_accumulate_label_noise_and_time_omission_precedes_precision_conversion ... ok
test categorical_explicit_order_centers_extents_gaps_and_lookup_are_distinct_from_inverse ... ok
test numeric_ticks_are_bounded_ordered_unique_and_locale_independent ... ok

test result: ok. 9 passed; 0 failed; 0 ignored; 0 measured; 0 filtered out; finished in 0.00s

