[check] $ python3 scripts/check_repository.py
PASS: workspace edges, host isolation, single pinned GPUI identity, optional Kit and local Markdown file links.
Core/export isolation targets: aarch64-apple-darwin, x86_64-unknown-linux-gnu, wasm32-unknown-unknown
Scope: default resolved features; graph checks are not target execution. External links/anchors and unlisted host packages need review.
licenses ok, sources ok
   Compiling chart-export v0.1.0 (/Users/jeickmeier/Projects/finstack-chart/crates/chart-export)
   Compiling chart-gallery v0.1.0 (/Users/jeickmeier/Projects/finstack-chart/examples/chart-gallery)
    Finished `dev` profile [unoptimized + debuginfo] target(s) in 0.89s
warning: the following packages contain code that will be rejected by a future version of Rust: block v0.1.6
note: to see what the problems were, use the option `--future-incompat-report`, or run `cargo report future-incompatibilities --id 1`
   Compiling chart-export v0.1.0 (/Users/jeickmeier/Projects/finstack-chart/crates/chart-export)
   Compiling chart-gallery v0.1.0 (/Users/jeickmeier/Projects/finstack-chart/examples/chart-gallery)
    Finished `dev` profile [unoptimized + debuginfo] target(s) in 1.17s
warning: the following packages contain code that will be rejected by a future version of Rust: block v0.1.6
note: to see what the problems were, use the option `--future-incompat-report`, or run `cargo report future-incompatibilities --id 1`
   Compiling chart-gallery v0.1.0 (/Users/jeickmeier/Projects/finstack-chart/examples/chart-gallery)
    Finished `dev` profile [unoptimized + debuginfo] target(s) in 0.87s
warning: the following packages contain code that will be rejected by a future version of Rust: block v0.1.6
note: to see what the problems were, use the option `--future-incompat-report`, or run `cargo report future-incompatibilities --id 1`
    Checking chart-export v0.1.0 (/Users/jeickmeier/Projects/finstack-chart/crates/chart-export)
    Checking chart-gallery v0.1.0 (/Users/jeickmeier/Projects/finstack-chart/examples/chart-gallery)
    Finished `dev` profile [unoptimized + debuginfo] target(s) in 0.66s
warning: the following packages contain code that will be rejected by a future version of Rust: block v0.1.6
note: to see what the problems were, use the option `--future-incompat-report`, or run `cargo report future-incompatibilities --id 1`
    Checking chart-export v0.1.0 (/Users/jeickmeier/Projects/finstack-chart/crates/chart-export)
    Checking chart-wasm v0.1.0 (/Users/jeickmeier/Projects/finstack-chart/crates/chart-wasm)
    Checking chart-gallery v0.1.0 (/Users/jeickmeier/Projects/finstack-chart/examples/chart-gallery)
    Checking chart-python v0.1.0 (/Users/jeickmeier/Projects/finstack-chart/crates/chart-python)
    Finished `dev` profile [unoptimized + debuginfo] target(s) in 0.92s
warning: the following packages contain code that will be rejected by a future version of Rust: block v0.1.6
note: to see what the problems were, use the option `--future-incompat-report`, or run `cargo report future-incompatibilities --id 1`
    Checking chart-export v0.1.0 (/Users/jeickmeier/Projects/finstack-chart/crates/chart-export)
    Checking chart-wasm v0.1.0 (/Users/jeickmeier/Projects/finstack-chart/crates/chart-wasm)
    Checking chart-gallery v0.1.0 (/Users/jeickmeier/Projects/finstack-chart/examples/chart-gallery)
    Checking chart-python v0.1.0 (/Users/jeickmeier/Projects/finstack-chart/crates/chart-python)
    Finished `dev` profile [unoptimized + debuginfo] target(s) in 0.77s
warning: the following packages contain code that will be rejected by a future version of Rust: block v0.1.6
note: to see what the problems were, use the option `--future-incompat-report`, or run `cargo report future-incompatibilities --id 1`
 Documenting chart-gallery v0.1.0 (/Users/jeickmeier/Projects/finstack-chart/examples/chart-gallery)
 Documenting chart-export v0.1.0 (/Users/jeickmeier/Projects/finstack-chart/crates/chart-export)
 Documenting chart-wasm v0.1.0 (/Users/jeickmeier/Projects/finstack-chart/crates/chart-wasm)
 Documenting chart-python v0.1.0 (/Users/jeickmeier/Projects/finstack-chart/crates/chart-python)
    Finished `dev` profile [unoptimized + debuginfo] target(s) in 1.25s
warning: the following packages contain code that will be rejected by a future version of Rust: block v0.1.6
note: to see what the problems were, use the option `--future-incompat-report`, or run `cargo report future-incompatibilities --id 1`
   Generated /Users/jeickmeier/Projects/finstack-chart/target/doc/chart_core/index.html and 6 other files
    Finished `dev` profile [unoptimized + debuginfo] target(s) in 0.09s
