mise WARN  failed to write cache file: /Users/jeickmeier/Library/Caches/mise/protoc/35.1/bin_paths-a7857.msgpack.z Operation not permitted (os error 1)
mise WARN  failed to write cache file: /Users/jeickmeier/Library/Caches/mise/watchexec/2.5.1/bin_paths-a7857.msgpack.z Operation not permitted (os error 1)
[bindings-proof] $ python3 scripts/run_binding_proofs.py artifacts/wp-16/bindin…
RUN cargo run -p chart-export --example binding_proof --locked -- /Users/jeickmeier/Projects/finstack-chart/artifacts/wp-16/bindings/native
les/custom-extension)
   Compiling chart-export v0.1.0 (/Users/jeickmeier/Projects/finstack-chart/crates/chart-export)
    Finished `dev` profile [unoptimized + debuginfo] target(s) in 2.40s
     Running `target/debug/examples/binding_proof /Users/jeickmeier/Projects/finstack-chart/artifacts/wp-16/bindings/native`
PASS WP-15 deterministic shared action trace: 23 transitions
input "input-scatter" / "nearest-center"
input "input-scatter" / "empty-between-centers"
input "input-scatter" / "lasso-select"
input "input-scatter" / "toggle-same-target"
input "input-scatter" / "pointer-zoom"
input "input-scatter" / "new-presented-coordinate"
input "input-scatter" / "stale-revision"
input "input-scatter" / "wrong-range-type"
input "input-scatter" / "cancel-navigation-begin"
input "input-scatter" / "pinned-pan-preview"
input "input-scatter" / "pinned-pan-still-original"
input "input-scatter" / "cancel-restores"
input "input-scatter" / "legacy-replaces-typed"
input "input-scatter" / "legacy-view-is-presented"
input "input-bars" / "bar-edge-intersection"
input "input-bars" / "bar-contained"
input "input-line" / "line-nearest-gap-group"
input "input-line" / "gap-brush-no-invented-source"
input "input-category" / "category-singleton"
input "input-category" / "category-reset-retains-catalog"
input "input-category" / "category-missing-rejected"
input "input-utc" / "exact-time-window"
PASS WP-16 shared input queries/actions: 22 steps
PASS Rust FIX-06: missing facet policy and unknown target panel rejected
PASS native shared portable fixture, transaction replay, action and controlled disposal
RUN cargo build -p chart-python --features extension-module,extension-proof --locked
   Compiling chart-text v0.1.0 (/Users/jeickmeier/Projects/finstack-chart/crates/chart-text)
   Compiling chart-export v0.1.0 (/Users/jeickmeier/Projects/finstack-chart/crates/chart-export)
   Compiling chart-python v0.1.0 (/Users/jeickmeier/Projects/finstack-chart/crates/chart-python)
    Finished `dev` profile [unoptimized + debuginfo] target(s) in 1.08s
RUN /Users/jeickmeier/.local/share/mise/installs/python/3.14.6/bin/python3 /Users/jeickmeier/Projects/finstack-chart/scripts/bindings/python_proof.py /Users/jeickmeier/Projects/finstack-chart/artifacts/wp-16/bindings/python-module /Users/jeickmeier/Projects/finstack-chart/artifacts/wp-16/bindings/python
PASS Python: actual extension, portable fixture, copies, detached thread progress, disposal and 13 malformed input cases
PASS Python FIX-06: missing facet policy and unknown target panel rejected
PASS Python FIX-17 unregistered/unknown-version/native-only/stage-schema errors
PASS 36 statistic/position/family cases in the actual Python extension
PASS WP-15 Python shared action trace: 23 transitions
PASS WP-16 Python shared input queries/actions: 22 steps
RUN cargo build -p chart-wasm --features extension-proof --target wasm32-unknown-unknown --locked
   Compiling chart-core v0.1.0 (/Users/jeickmeier/Projects/finstack-chart/crates/chart-core)
   Compiling chart-text v0.1.0 (/Users/jeickmeier/Projects/finstack-chart/crates/chart-text)
   Compiling chart-extension-example v0.1.0 (/Users/jeickmeier/Projects/finstack-chart/examples/custom-extension)
   Compiling chart-export v0.1.0 (/Users/jeickmeier/Projects/finstack-chart/crates/chart-export)
   Compiling chart-wasm v0.1.0 (/Users/jeickmeier/Projects/finstack-chart/crates/chart-wasm)
    Finished `dev` profile [unoptimized + debuginfo] target(s) in 3.21s
RUN /tmp/wp09-tools/wasm-bindgen-0.2.128-aarch64-apple-darwin/wasm-bindgen /Users/jeickmeier/Projects/finstack-chart/target/wasm32-unknown-unknown/debug/chart_wasm.wasm --target nodejs --out-dir /Users/jeickmeier/Projects/finstack-chart/artifacts/wp-16/bindings/wasm-module
RUN node /Users/jeickmeier/Projects/finstack-chart/scripts/bindings/wasm_proof.cjs /Users/jeickmeier/Projects/finstack-chart/artifacts/wp-16/bindings/wasm-module /Users/jeickmeier/Projects/finstack-chart/artifacts/wp-16/bindings/wasm
PASS WASM: real Node WebAssembly, portable fixture, copies, invalidated old memory view, repeated updates, disposal and 13 malformed cases
PASS WASM FIX-06: missing facet policy and unknown target panel rejected
PASS WASM FIX-17 unregistered/unknown-version/native-only/stage-schema errors
PASS 36 statistic/position/family cases in actual WASM
PASS WP-15 WASM shared action trace: 23 transitions
PASS WP-16 WASM shared input queries/actions: 22 steps
RUN /Users/jeickmeier/.local/share/mise/installs/python/3.14.6/bin/python3 /Users/jeickmeier/Projects/finstack-chart/scripts/bindings/compare.py /Users/jeickmeier/Projects/finstack-chart/artifacts/wp-16/bindings
e: exact identities/types/state; numeric tolerance 1e-10 absolute
PASS independent domains/bin counts/members, large IDs, exact nanosecond times, UInt64/Int64 extremes, null/display values, replay, physical vector SVG and per-item target alignment
PASS exact SVG bytes across Rust/Python/WASM
PASS actual Rust/Python PDF vector/font policy and PNG dimensions
PASS shared fixtures: 36 cases in Rust/Python/WASM, independent stats/provenance, scenes within 1e-10 pt, SVG bytes exact
PASS WP-11: independent log/run gaps, area/ribbon boundaries, color/missing metadata, price/volume validation, supplied sessions, leap day, signed stack and vector PDF expectations
PASS WP-12 FIX-06: typed panel order/membership, broadcast/target, shared/free scales, aligned six-panel grid, grouped/facet/chart means, per-item panel identity, collected guides and vector PDF
PASS WP-13 FIX-12/13: theme invariant populations/domains/targets, two panels and source-sharing inset, rich/rotated/tabular text, explicit bold/Arabic resources, symbols/dashes/gradients, vector searchable PDF and three-host exact SVG
PASS WP-14 FIX-17: registered custom density/schema, exact counts/membership, common generated builtin points and shared axes, custom labels/hit/semantics/selection/keyboard order, vector exports and independent up/down/doji candle colors
PASS WP-15 exact Rust/Python/WASM action events and component revisions; real-font preview/cancel/commit/undo/redo geometry
PASS WP-16 Rust/Python/WASM indexed inspection, provenance selection, typed navigation, pinned previews, cancellation and exact export geometry
PASS WP-09/10/11/12/13/14/15/16 runtime proof. Results: /Users/jeickmeier/Projects/finstack-chart/artifacts/wp-16/bindings
