mise WARN  failed to write cache file: /Users/jeickmeier/Library/Caches/mise/protoc/35.1/bin_paths-a7857.msgpack.z Operation not permitted (os error 1)
mise WARN  failed to write cache file: /Users/jeickmeier/Library/Caches/mise/watchexec/2.5.1/bin_paths-a7857.msgpack.z Operation not permitted (os error 1)
[check] $ python3 scripts/check_repository.py
PASS: workspace edges, host isolation, single pinned GPUI identity, optional Kit and local Markdown file links.
Core/export isolation targets: aarch64-apple-darwin, x86_64-unknown-linux-gnu, wasm32-unknown-unknown
Scope: default resolved features; graph checks are not target execution. External links/anchors and unlisted host packages need review.
licenses ok, sources ok
   Compiling chart-gallery v0.1.0 (/Users/jeickmeier/Projects/finstack-chart/examples/chart-gallery)
    Finished `dev` profile [unoptimized + debuginfo] target(s) in 15.86s
warning: the following packages contain code that will be rejected by a future version of Rust: block v0.1.6
note: to see what the problems were, use the option `--future-incompat-report`, or run `cargo report future-incompatibilities --id 1`
   Compiling chart-core v0.1.0 (/Users/jeickmeier/Projects/finstack-chart/crates/chart-core)
   Compiling chart-text v0.1.0 (/Users/jeickmeier/Projects/finstack-chart/crates/chart-text)
   Compiling gpui-charts v0.1.0 (/Users/jeickmeier/Projects/finstack-chart/crates/gpui-charts)
   Compiling gpui-charts-kit v0.1.0 (/Users/jeickmeier/Projects/finstack-chart/crates/gpui-charts-kit)
   Compiling chart-export v0.1.0 (/Users/jeickmeier/Projects/finstack-chart/crates/chart-export)
   Compiling chart-extension-example v0.1.0 (/Users/jeickmeier/Projects/finstack-chart/examples/custom-extension)
   Compiling chart-gallery v0.1.0 (/Users/jeickmeier/Projects/finstack-chart/examples/chart-gallery)
    Finished `dev` profile [unoptimized + debuginfo] target(s) in 27.03s
warning: the following packages contain code that will be rejected by a future version of Rust: block v0.1.6
note: to see what the problems were, use the option `--future-incompat-report`, or run `cargo report future-incompatibilities --id 1`
   Compiling chart-gallery v0.1.0 (/Users/jeickmeier/Projects/finstack-chart/examples/chart-gallery)
    Finished `dev` profile [unoptimized + debuginfo] target(s) in 2.18s
warning: the following packages contain code that will be rejected by a future version of Rust: block v0.1.6
note: to see what the problems were, use the option `--future-incompat-report`, or run `cargo report future-incompatibilities --id 1`
    Checking chart-core v0.1.0 (/Users/jeickmeier/Projects/finstack-chart/crates/chart-core)
    Checking chart-text v0.1.0 (/Users/jeickmeier/Projects/finstack-chart/crates/chart-text)
    Checking chart-extension-example v0.1.0 (/Users/jeickmeier/Projects/finstack-chart/examples/custom-extension)
    Checking gpui-charts v0.1.0 (/Users/jeickmeier/Projects/finstack-chart/crates/gpui-charts)
    Checking chart-export v0.1.0 (/Users/jeickmeier/Projects/finstack-chart/crates/chart-export)
    Checking gpui-charts-kit v0.1.0 (/Users/jeickmeier/Projects/finstack-chart/crates/gpui-charts-kit)
    Checking chart-gallery v0.1.0 (/Users/jeickmeier/Projects/finstack-chart/examples/chart-gallery)
    Finished `dev` profile [unoptimized + debuginfo] target(s) in 15.71s
warning: the following packages contain code that will be rejected by a future version of Rust: block v0.1.6
note: to see what the problems were, use the option `--future-incompat-report`, or run `cargo report future-incompatibilities --id 1`
    Checking chart-core v0.1.0 (/Users/jeickmeier/Projects/finstack-chart/crates/chart-core)
    Checking chart-text v0.1.0 (/Users/jeickmeier/Projects/finstack-chart/crates/chart-text)
    Checking chart-extension-example v0.1.0 (/Users/jeickmeier/Projects/finstack-chart/examples/custom-extension)
    Checking chart-export v0.1.0 (/Users/jeickmeier/Projects/finstack-chart/crates/chart-export)
    Checking gpui-charts v0.1.0 (/Users/jeickmeier/Projects/finstack-chart/crates/gpui-charts)
    Checking gpui-charts-kit v0.1.0 (/Users/jeickmeier/Projects/finstack-chart/crates/gpui-charts-kit)
    Checking chart-gallery v0.1.0 (/Users/jeickmeier/Projects/finstack-chart/examples/chart-gallery)
    Checking chart-wasm v0.1.0 (/Users/jeickmeier/Projects/finstack-chart/crates/chart-wasm)
    Checking chart-python v0.1.0 (/Users/jeickmeier/Projects/finstack-chart/crates/chart-python)
[check] ERROR task failed
