mise WARN  failed to write cache file: /Users/jeickmeier/Library/Caches/mise/protoc/35.1/bin_paths-a7857.msgpack.z Operation not permitted (os error 1)
mise WARN  failed to write cache file: /Users/jeickmeier/Library/Caches/mise/watchexec/2.5.1/bin_paths-a7857.msgpack.z Operation not permitted (os error 1)
[test] $ if [[ "$(uname -s)" == "Darwin" ]]; then
    Blocking waiting for file lock on build directory
warning: output filename collision at /Users/jeickmeier/Projects/finstack-chart/target/debug/examples/shape_arc
  |
  = note: the example target `shape_arc` in package `chart-gallery v0.1.0 (/Users/jeickmeier/Projects/finstack-chart/examples/chart-gallery)` has the same output filename as the example target `shape_arc` in package `chart-export v0.1.0 (/Users/jeickmeier/Projects/finstack-chart/crates/chart-export)`
  = note: this may become a hard error in the future; see <https://github.com/rust-lang/cargo/issues/6313>
  = help: consider changing their names to be unique or compiling them separately
warning: output filename collision at /Users/jeickmeier/Projects/finstack-chart/target/debug/examples/shape_arc.dSYM
  |
  = note: the example target `shape_arc` in package `chart-gallery v0.1.0 (/Users/jeickmeier/Projects/finstack-chart/examples/chart-gallery)` has the same output filename as the example target `shape_arc` in package `chart-export v0.1.0 (/Users/jeickmeier/Projects/finstack-chart/crates/chart-export)`
  = note: this may become a hard error in the future; see <https://github.com/rust-lang/cargo/issues/6313>
  = help: consider changing their names to be unique or compiling them separately
warning: output filename collision at /Users/jeickmeier/Projects/finstack-chart/target/debug/examples/shape_cartesian
  |
  = note: the example target `shape_cartesian` in package `chart-gallery v0.1.0 (/Users/jeickmeier/Projects/finstack-chart/examples/chart-gallery)` has the same output filename as the example target `shape_cartesian` in package `chart-export v0.1.0 (/Users/jeickmeier/Projects/finstack-chart/crates/chart-export)`
  = note: this may become a hard error in the future; see <https://github.com/rust-lang/cargo/issues/6313>
  = help: consider changing their names to be unique or compiling them separately
warning: output filename collision at /Users/jeickmeier/Projects/finstack-chart/target/debug/examples/shape_cartesian.dSYM
  |
  = note: the example target `shape_cartesian` in package `chart-gallery v0.1.0 (/Users/jeickmeier/Projects/finstack-chart/examples/chart-gallery)` has the same output filename as the example target `shape_cartesian` in package `chart-export v0.1.0 (/Users/jeickmeier/Projects/finstack-chart/crates/chart-export)`
  = note: this may become a hard error in the future; see <https://github.com/rust-lang/cargo/issues/6313>
  = help: consider changing their names to be unique or compiling them separately
warning: output filename collision at /Users/jeickmeier/Projects/finstack-chart/target/debug/examples/shape_custom
  |
  = note: the example target `shape_custom` in package `chart-gallery v0.1.0 (/Users/jeickmeier/Projects/finstack-chart/examples/chart-gallery)` has the same output filename as the example target `shape_custom` in package `chart-export v0.1.0 (/Users/jeickmeier/Projects/finstack-chart/crates/chart-export)`
  = note: this may become a hard error in the future; see <https://github.com/rust-lang/cargo/issues/6313>
  = help: consider changing their names to be unique or compiling them separately
warning: output filename collision at /Users/jeickmeier/Projects/finstack-chart/target/debug/examples/shape_custom.dSYM
  |
  = note: the example target `shape_custom` in package `chart-gallery v0.1.0 (/Users/jeickmeier/Projects/finstack-chart/examples/chart-gallery)` has the same output filename as the example target `shape_custom` in package `chart-export v0.1.0 (/Users/jeickmeier/Projects/finstack-chart/crates/chart-export)`
  = note: this may become a hard error in the future; see <https://github.com/rust-lang/cargo/issues/6313>
  = help: consider changing their names to be unique or compiling them separately
warning: output filename collision at /Users/jeickmeier/Projects/finstack-chart/target/debug/examples/shape_foundation
  |
  = note: the example target `shape_foundation` in package `chart-gallery v0.1.0 (/Users/jeickmeier/Projects/finstack-chart/examples/chart-gallery)` has the same output filename as the example target `shape_foundation` in package `chart-export v0.1.0 (/Users/jeickmeier/Projects/finstack-chart/crates/chart-export)`
  = note: this may become a hard error in the future; see <https://github.com/rust-lang/cargo/issues/6313>
  = help: consider changing their names to be unique or compiling them separately
warning: output filename collision at /Users/jeickmeier/Projects/finstack-chart/target/debug/examples/shape_foundation.dSYM
  |
  = note: the example target `shape_foundation` in package `chart-gallery v0.1.0 (/Users/jeickmeier/Projects/finstack-chart/examples/chart-gallery)` has the same output filename as the example target `shape_foundation` in package `chart-export v0.1.0 (/Users/jeickmeier/Projects/finstack-chart/crates/chart-export)`
  = note: this may become a hard error in the future; see <https://github.com/rust-lang/cargo/issues/6313>
  = help: consider changing their names to be unique or compiling them separately
warning: output filename collision at /Users/jeickmeier/Projects/finstack-chart/target/debug/examples/shape_radial
  |
  = note: the example target `shape_radial` in package `chart-gallery v0.1.0 (/Users/jeickmeier/Projects/finstack-chart/examples/chart-gallery)` has the same output filename as the example target `shape_radial` in package `chart-export v0.1.0 (/Users/jeickmeier/Projects/finstack-chart/crates/chart-export)`
  = note: this may become a hard error in the future; see <https://github.com/rust-lang/cargo/issues/6313>
  = help: consider changing their names to be unique or compiling them separately
warning: output filename collision at /Users/jeickmeier/Projects/finstack-chart/target/debug/examples/shape_radial.dSYM
  |
  = note: the example target `shape_radial` in package `chart-gallery v0.1.0 (/Users/jeickmeier/Projects/finstack-chart/examples/chart-gallery)` has the same output filename as the example target `shape_radial` in package `chart-export v0.1.0 (/Users/jeickmeier/Projects/finstack-chart/crates/chart-export)`
  = note: this may become a hard error in the future; see <https://github.com/rust-lang/cargo/issues/6313>
  = help: consider changing their names to be unique or compiling them separately
warning: output filename collision at /Users/jeickmeier/Projects/finstack-chart/target/debug/examples/shape_stack
  |
  = note: the example target `shape_stack` in package `chart-gallery v0.1.0 (/Users/jeickmeier/Projects/finstack-chart/examples/chart-gallery)` has the same output filename as the example target `shape_stack` in package `chart-export v0.1.0 (/Users/jeickmeier/Projects/finstack-chart/crates/chart-export)`
  = note: this may become a hard error in the future; see <https://github.com/rust-lang/cargo/issues/6313>
  = help: consider changing their names to be unique or compiling them separately
warning: output filename collision at /Users/jeickmeier/Projects/finstack-chart/target/debug/examples/shape_stack.dSYM
  |
  = note: the example target `shape_stack` in package `chart-gallery v0.1.0 (/Users/jeickmeier/Projects/finstack-chart/examples/chart-gallery)` has the same output filename as the example target `shape_stack` in package `chart-export v0.1.0 (/Users/jeickmeier/Projects/finstack-chart/crates/chart-export)`
  = note: this may become a hard error in the future; see <https://github.com/rust-lang/cargo/issues/6313>
  = help: consider changing their names to be unique or compiling them separately
warning: output filename collision at /Users/jeickmeier/Projects/finstack-chart/target/debug/examples/shape_symbol
  |
  = note: the example target `shape_symbol` in package `chart-gallery v0.1.0 (/Users/jeickmeier/Projects/finstack-chart/examples/chart-gallery)` has the same output filename as the example target `shape_symbol` in package `chart-export v0.1.0 (/Users/jeickmeier/Projects/finstack-chart/crates/chart-export)`
  = note: this may become a hard error in the future; see <https://github.com/rust-lang/cargo/issues/6313>
  = help: consider changing their names to be unique or compiling them separately
warning: output filename collision at /Users/jeickmeier/Projects/finstack-chart/target/debug/examples/shape_symbol.dSYM
  |
  = note: the example target `shape_symbol` in package `chart-gallery v0.1.0 (/Users/jeickmeier/Projects/finstack-chart/examples/chart-gallery)` has the same output filename as the example target `shape_symbol` in package `chart-export v0.1.0 (/Users/jeickmeier/Projects/finstack-chart/crates/chart-export)`
  = note: this may become a hard error in the future; see <https://github.com/rust-lang/cargo/issues/6313>
  = help: consider changing their names to be unique or compiling them separately
   Compiling chart-core v0.1.0 (/Users/jeickmeier/Projects/finstack-chart/crates/chart-core)
   Compiling pyo3-ffi v0.29.2
   Compiling pyo3 v0.29.2
   Compiling chart-text v0.1.0 (/Users/jeickmeier/Projects/finstack-chart/crates/chart-text)
   Compiling chart-extension-example v0.1.0 (/Users/jeickmeier/Projects/finstack-chart/examples/custom-extension)
   Compiling chart-export v0.1.0 (/Users/jeickmeier/Projects/finstack-chart/crates/chart-export)
   Compiling gpui-charts v0.1.0 (/Users/jeickmeier/Projects/finstack-chart/crates/gpui-charts)
   Compiling gpui-charts-kit v0.1.0 (/Users/jeickmeier/Projects/finstack-chart/crates/gpui-charts-kit)
   Compiling chart-python v0.1.0 (/Users/jeickmeier/Projects/finstack-chart/crates/chart-python)
   Compiling chart-wasm v0.1.0 (/Users/jeickmeier/Projects/finstack-chart/crates/chart-wasm)
   Compiling chart-gallery v0.1.0 (/Users/jeickmeier/Projects/finstack-chart/examples/chart-gallery)
[test] ERROR task failed
