   Compiling chart-core v0.1.0 (/Users/jeickmeier/Projects/finstack-chart/crates/chart-core)
    Finished `test` profile [unoptimized + debuginfo] target(s) in 5.97s
     Running tests/color_parity.rs (target/debug/deps/color_parity-e69fbf2042409b1c)

running 3 tests
test independent_color_math_and_quantization_preserve_floating_information ... ok
test color_descriptors_parser_budgets_and_channel_names_reject_malformed_inputs ... ok
test complete_color_oracle_covers_all_constructors_and_inherited_operations ... ok

test result: ok. 3 passed; 0 failed; 0 ignored; 0 measured; 0 filtered out; finished in 0.09s

     Running tests/paint_integration.rs (target/debug/deps/paint_integration-c8b37a8fbb9b7768)

running 4 tests
test paint_retains_descriptors_and_legacy_bytes_with_strict_ingestion ... ok
test floating_palette_avoids_endpoint_rounding_and_preserves_legacy_mapping ... ok
test floating_color_only_edits_reuse_statistics_and_match_fresh_batch ... ok
test every_retained_paint_location_requires_version_four_and_preserves_legacy_versions ... ok

test result: ok. 4 passed; 0 failed; 0 ignored; 0 measured; 0 filtered out; finished in 0.01s

     Running tests/path_lowering.rs (target/debug/deps/path_lowering-12bf1d92596c24f6)

running 5 tests
test every_numeric_argument_rejects_nonfinite_without_changing_the_builder ... ok
test replay_and_scene_snapshots_preserve_supplied_metadata_without_vertex_targets ... ok
test circular_lowering_obeys_coordinate_bound_at_multiple_scales_and_directions ... ok
test transforms_preserve_arcs_or_lower_with_destination_bounds_and_budget ... ok
test primary_path_snapshot_and_versions_preserve_legacy_contract ... ok

test result: ok. 5 passed; 0 failed; 0 ignored; 0 measured; 0 filtered out; finished in 0.00s

     Running tests/stage_cache.rs (target/debug/deps/stage_cache-a94cc570974dc8f3)

running 3 tests
test exact_key_indexes_survive_old_snapshots_and_rebuild_after_correction_reorder_and_retention ... ok
test palette_changes_reuse_statistics_and_navigation_reuses_exact_marks ... ok
test unrelated_dataset_updates_reuse_exact_named_and_layer_tables_but_capture_new_coherent_store ... ok

test result: ok. 3 passed; 0 failed; 0 ignored; 0 measured; 0 filtered out; finished in 0.00s

