Traceback (most recent call last):
  File "/Users/jeickmeier/Projects/finstack-chart/scripts/hierarchy/updates_compare.py", line 10, in <module>
    near(a,b,*( (1e-8,1e-10) if a['family']==3 else (1e-10,1e-12) ))
    ~~~~^^^^^^^^^^^^^^^^^^^^^^^^^^^^^^^^^^^^^^^^^^^^^^^^^^^^^^^^^^^^
  File "/Users/jeickmeier/Projects/finstack-chart/scripts/hierarchy/compare.py", line 14, in near
    for k in a:near(a[k],b[k],absolute,relative,f'{path}.{k}')
               ~~~~^^^^^^^^^^^^^^^^^^^^^^^^^^^^^^^^^^^^^^^^^^^
  File "/Users/jeickmeier/Projects/finstack-chart/scripts/hierarchy/compare.py", line 11, in near
    for i,(x,y) in enumerate(zip(a,b)):near(x,y,absolute,relative,f'{path}[{i}]')
                                       ~~~~^^^^^^^^^^^^^^^^^^^^^^^^^^^^^^^^^^^^^^
  File "/Users/jeickmeier/Projects/finstack-chart/scripts/hierarchy/compare.py", line 14, in near
    for k in a:near(a[k],b[k],absolute,relative,f'{path}.{k}')
               ~~~~^^^^^^^^^^^^^^^^^^^^^^^^^^^^^^^^^^^^^^^^^^^
  File "/Users/jeickmeier/Projects/finstack-chart/scripts/hierarchy/compare.py", line 14, in near
    for k in a:near(a[k],b[k],absolute,relative,f'{path}.{k}')
               ~~~~^^^^^^^^^^^^^^^^^^^^^^^^^^^^^^^^^^^^^^^^^^^
  File "/Users/jeickmeier/Projects/finstack-chart/scripts/hierarchy/compare.py", line 15, in near
    else:assert a==b,(path,a,b)
                ^^^^
AssertionError: ('.nodes[0].data.value', 0.0, '0')
