mise WARN  failed to write cache file: /Users/jeickmeier/Library/Caches/mise/protoc/35.1/bin_paths-a7857.msgpack.z Operation not permitted (os error 1)
mise WARN  failed to write cache file: /Users/jeickmeier/Library/Caches/mise/watchexec/2.5.1/bin_paths-a7857.msgpack.z Operation not permitted (os error 1)
[check] $ python3 scripts/check_repository.py
PASS: workspace edges, host isolation, single pinned GPUI identity, optional Kit and local Markdown file links.
Core/export isolation targets: aarch64-apple-darwin, x86_64-unknown-linux-gnu, wasm32-unknown-unknown
Scope: default resolved features; graph checks are not target execution. External links/anchors and unlisted host packages need review.
licenses ok, sources ok
   Compiling chart-core v0.1.0 (/Users/jeickmeier/Projects/finstack-chart/crates/chart-core)
   Compiling chart-text v0.1.0 (/Users/jeickmeier/Projects/finstack-chart/crates/chart-text)
   Compiling chart-export v0.1.0 (/Users/jeickmeier/Projects/finstack-chart/crates/chart-export)
   Compiling gpui-charts v0.1.0 (/Users/jeickmeier/Projects/finstack-chart/crates/gpui-charts)
   Compiling chart-extension-example v0.1.0 (/Users/jeickmeier/Projects/finstack-chart/examples/custom-extension)
   Compiling chart-gallery v0.1.0 (/Users/jeickmeier/Projects/finstack-chart/examples/chart-gallery)
    Finished `dev` profile [unoptimized + debuginfo] target(s) in 24.44s
warning: the following packages contain code that will be rejected by a future version of Rust: block v0.1.6
note: to see what the problems were, use the option `--future-incompat-report`, or run `cargo report future-incompatibilities --id 1`
   Compiling chart-core v0.1.0 (/Users/jeickmeier/Projects/finstack-chart/crates/chart-core)
   Compiling chart-text v0.1.0 (/Users/jeickmeier/Projects/finstack-chart/crates/chart-text)
   Compiling gpui-charts v0.1.0 (/Users/jeickmeier/Projects/finstack-chart/crates/gpui-charts)
   Compiling gpui-charts-kit v0.1.0 (/Users/jeickmeier/Projects/finstack-chart/crates/gpui-charts-kit)
warning: unused import: `Context`
 --> crates/gpui-charts-kit/src/lib.rs:7:16
  |
7 | use gpui_kit::{Context, Entity};
  |                ^^^^^^^
  |
  = note: `#[warn(unused_imports)]` (part of `#[warn(unused)]`) on by default

warning: `gpui-charts-kit` (lib) generated 1 warning (run `cargo fix --lib -p gpui-charts-kit` to apply 1 suggestion)
   Compiling chart-export v0.1.0 (/Users/jeickmeier/Projects/finstack-chart/crates/chart-export)
   Compiling chart-extension-example v0.1.0 (/Users/jeickmeier/Projects/finstack-chart/examples/custom-extension)
   Compiling chart-gallery v0.1.0 (/Users/jeickmeier/Projects/finstack-chart/examples/chart-gallery)
    Finished `dev` profile [unoptimized + debuginfo] target(s) in 28.66s
warning: the following packages contain code that will be rejected by a future version of Rust: block v0.1.6
note: to see what the problems were, use the option `--future-incompat-report`, or run `cargo report future-incompatibilities --id 1`
warning: unused import: `Context`
 --> crates/gpui-charts-kit/src/lib.rs:7:16
  |
7 | use gpui_kit::{Context, Entity};
  |                ^^^^^^^
  |
  = note: `#[warn(unused_imports)]` (part of `#[warn(unused)]`) on by default

warning: `gpui-charts-kit` (lib) generated 1 warning (run `cargo fix --lib -p gpui-charts-kit` to apply 1 suggestion)
   Compiling chart-gallery v0.1.0 (/Users/jeickmeier/Projects/finstack-chart/examples/chart-gallery)
    Finished `dev` profile [unoptimized + debuginfo] target(s) in 12.16s
warning: the following packages contain code that will be rejected by a future version of Rust: block v0.1.6
note: to see what the problems were, use the option `--future-incompat-report`, or run `cargo report future-incompatibilities --id 1`
    Checking chart-core v0.1.0 (/Users/jeickmeier/Projects/finstack-chart/crates/chart-core)
    Checking chart-text v0.1.0 (/Users/jeickmeier/Projects/finstack-chart/crates/chart-text)
    Checking chart-extension-example v0.1.0 (/Users/jeickmeier/Projects/finstack-chart/examples/custom-extension)
    Checking gpui-charts v0.1.0 (/Users/jeickmeier/Projects/finstack-chart/crates/gpui-charts)
    Checking chart-export v0.1.0 (/Users/jeickmeier/Projects/finstack-chart/crates/chart-export)
    Checking gpui-charts-kit v0.1.0 (/Users/jeickmeier/Projects/finstack-chart/crates/gpui-charts-kit)
    Checking chart-gallery v0.1.0 (/Users/jeickmeier/Projects/finstack-chart/examples/chart-gallery)
    Finished `dev` profile [unoptimized + debuginfo] target(s) in 1m 10s
warning: the following packages contain code that will be rejected by a future version of Rust: block v0.1.6
note: to see what the problems were, use the option `--future-incompat-report`, or run `cargo report future-incompatibilities --id 1`
    Checking chart-core v0.1.0 (/Users/jeickmeier/Projects/finstack-chart/crates/chart-core)
   Compiling pyo3-ffi v0.29.2
   Compiling pyo3 v0.29.2
   Compiling chart-python v0.1.0 (/Users/jeickmeier/Projects/finstack-chart/crates/chart-python)
    Checking chart-text v0.1.0 (/Users/jeickmeier/Projects/finstack-chart/crates/chart-text)
    Checking chart-extension-example v0.1.0 (/Users/jeickmeier/Projects/finstack-chart/examples/custom-extension)
    Checking chart-export v0.1.0 (/Users/jeickmeier/Projects/finstack-chart/crates/chart-export)
    Checking gpui-charts v0.1.0 (/Users/jeickmeier/Projects/finstack-chart/crates/gpui-charts)
    Checking chart-wasm v0.1.0 (/Users/jeickmeier/Projects/finstack-chart/crates/chart-wasm)
    Checking chart-gallery v0.1.0 (/Users/jeickmeier/Projects/finstack-chart/examples/chart-gallery)
    Checking gpui-charts-kit v0.1.0 (/Users/jeickmeier/Projects/finstack-chart/crates/gpui-charts-kit)
    Finished `dev` profile [unoptimized + debuginfo] target(s) in 1m 56s
warning: the following packages contain code that will be rejected by a future version of Rust: block v0.1.6
note: to see what the problems were, use the option `--future-incompat-report`, or run `cargo report future-incompatibilities --id 1`
    Checking chart-core v0.1.0 (/Users/jeickmeier/Projects/finstack-chart/crates/chart-core)
   Compiling chart-python v0.1.0 (/Users/jeickmeier/Projects/finstack-chart/crates/chart-python)
    Checking chart-text v0.1.0 (/Users/jeickmeier/Projects/finstack-chart/crates/chart-text)
    Checking chart-extension-example v0.1.0 (/Users/jeickmeier/Projects/finstack-chart/examples/custom-extension)
    Checking chart-export v0.1.0 (/Users/jeickmeier/Projects/finstack-chart/crates/chart-export)
    Checking gpui-charts v0.1.0 (/Users/jeickmeier/Projects/finstack-chart/crates/gpui-charts)
    Checking gpui-charts-kit v0.1.0 (/Users/jeickmeier/Projects/finstack-chart/crates/gpui-charts-kit)
    Checking chart-gallery v0.1.0 (/Users/jeickmeier/Projects/finstack-chart/examples/chart-gallery)
    Checking chart-wasm v0.1.0 (/Users/jeickmeier/Projects/finstack-chart/crates/chart-wasm)
    Finished `dev` profile [unoptimized + debuginfo] target(s) in 3m 10s
warning: the following packages contain code that will be rejected by a future version of Rust: block v0.1.6
note: to see what the problems were, use the option `--future-incompat-report`, or run `cargo report future-incompatibilities --id 1`
    Checking gpui-charts v0.1.0 (/Users/jeickmeier/Projects/finstack-chart/crates/gpui-charts)
 Documenting chart-wasm v0.1.0 (/Users/jeickmeier/Projects/finstack-chart/crates/chart-wasm)
 Documenting chart-gallery v0.1.0 (/Users/jeickmeier/Projects/finstack-chart/examples/chart-gallery)
 Documenting gpui-charts-kit v0.1.0 (/Users/jeickmeier/Projects/finstack-chart/crates/gpui-charts-kit)
 Documenting chart-python v0.1.0 (/Users/jeickmeier/Projects/finstack-chart/crates/chart-python)
 Documenting chart-export v0.1.0 (/Users/jeickmeier/Projects/finstack-chart/crates/chart-export)
 Documenting gpui-charts v0.1.0 (/Users/jeickmeier/Projects/finstack-chart/crates/gpui-charts)
 Documenting chart-extension-example v0.1.0 (/Users/jeickmeier/Projects/finstack-chart/examples/custom-extension)
 Documenting chart-text v0.1.0 (/Users/jeickmeier/Projects/finstack-chart/crates/chart-text)
 Documenting chart-core v0.1.0 (/Users/jeickmeier/Projects/finstack-chart/crates/chart-core)
    Finished `dev` profile [unoptimized + debuginfo] target(s) in 23.10s
warning: the following packages contain code that will be rejected by a future version of Rust: block v0.1.6
note: to see what the problems were, use the option `--future-incompat-report`, or run `cargo report future-incompatibilities --id 1`
   Generated /Users/jeickmeier/Projects/finstack-chart/target/shape-native-target/doc/chart_core/index.html and 8 other files
    Checking chart-core v0.1.0 (/Users/jeickmeier/Projects/finstack-chart/crates/chart-core)
error: could not compile `chart-core` (lib)

Caused by:
  process didn't exit successfully: `/Users/jeickmeier/.rustup/toolchains/1.97.1-aarch64-apple-darwin/bin/rustc --crate-name chart_core --edition=2024 crates/chart-core/src/lib.rs --error-format=json --json=diagnostic-rendered-ansi,artifacts,future-incompat --crate-type lib --emit=dep-info,metadata -C embed-bitcode=no -C debuginfo=2 --deny=unsafe_code --warn=missing_docs '--warn=clippy::all' --check-cfg 'cfg(docsrs,test)' --check-cfg 'cfg(feature, values())' -C metadata=93f26b93be216670 -C extra-filename=-bc5451de7dd65b7b --out-dir /Users/jeickmeier/Projects/finstack-chart/target/shape-native-target/wasm32-unknown-unknown/debug/deps --target wasm32-unknown-unknown -C incremental=/Users/jeickmeier/Projects/finstack-chart/target/shape-native-target/wasm32-unknown-unknown/debug/incremental -L dependency=/Users/jeickmeier/Projects/finstack-chart/target/shape-native-target/wasm32-unknown-unknown/debug/deps -L dependency=/Users/jeickmeier/Projects/finstack-chart/target/shape-native-target/debug/deps --extern libm=/Users/jeickmeier/Projects/finstack-chart/target/shape-native-target/wasm32-unknown-unknown/debug/deps/liblibm-a45955a47222017b.rmeta --extern pxfm=/Users/jeickmeier/Projects/finstack-chart/target/shape-native-target/wasm32-unknown-unknown/debug/deps/libpxfm-7968d0ea0d5519f7.rmeta --extern ryu_js=/Users/jeickmeier/Projects/finstack-chart/target/shape-native-target/wasm32-unknown-unknown/debug/deps/libryu_js-444e25d400c8b975.rmeta --extern serde=/Users/jeickmeier/Projects/finstack-chart/target/shape-native-target/wasm32-unknown-unknown/debug/deps/libserde-48d52f053e072478.rmeta --extern serde_json=/Users/jeickmeier/Projects/finstack-chart/target/shape-native-target/wasm32-unknown-unknown/debug/deps/libserde_json-c0aaa901549f0b33.rmeta` (exit status: 1)
[check] ERROR task failed
