   Compiling target-lexicon v0.13.5
   Compiling syn v2.0.119
   Compiling pyo3-build-config v0.29.2
   Compiling pyo3-ffi v0.29.2
   Compiling synstructure v0.13.2
   Compiling zerofrom-derive v0.1.7
   Compiling chart-core v0.1.0 (/Users/jeickmeier/Projects/finstack-chart/crates/chart-core)
   Compiling zerofrom v0.1.8
   Compiling yoke-derive v0.8.2
   Compiling pyo3 v0.29.2
   Compiling heck v0.5.0
   Compiling pyo3-macros-backend v0.29.2
   Compiling yoke v0.8.3
   Compiling ttf-parser v0.25.1
   Compiling chart-text v0.1.0 (/Users/jeickmeier/Projects/finstack-chart/crates/chart-text)
   Compiling krilla v0.8.2
   Compiling pyo3-macros v0.29.2
   Compiling chart-python v0.1.0 (/Users/jeickmeier/Projects/finstack-chart/crates/chart-python)
   Compiling chart-export v0.1.0 (/Users/jeickmeier/Projects/finstack-chart/crates/chart-export)
   Compiling chart-extension-example v0.1.0 (/Users/jeickmeier/Projects/finstack-chart/examples/custom-extension)
    Finished `dev` profile [unoptimized + debuginfo] target(s) in 29.63s
