   Compiling proc-macro2 v1.0.107
   Compiling unicode-ident v1.0.24
   Compiling quote v1.0.47
   Compiling version_check v0.9.5
   Compiling arrayvec v0.7.8
   Compiling syn v3.0.5
   Compiling autocfg v1.5.1
   Compiling smallvec v1.15.2
   Compiling num-traits v0.2.19
   Compiling log v0.4.34
   Compiling bitflags v2.13.1
   Compiling simd-adler32 v0.3.10
   Compiling bytemuck_derive v1.12.0
   Compiling crc32fast v1.5.1
   Compiling libm v0.2.16
   Compiling cfg-if v1.0.4
   Compiling adler2 v2.0.1
   Compiling bytemuck v1.25.2
   Compiling float-cmp v0.9.0
   Compiling memchr v2.8.3
   Compiling strict-num v0.1.1
   Compiling miniz_oxide v0.9.1
   Compiling arrayref v0.3.9
   Compiling flate2 v1.1.10
   Compiling slotmap v1.1.1
   Compiling libc v0.2.189
   Compiling polycool v0.4.0
   Compiling itoa v1.0.18
   Compiling siphasher v1.0.3
   Compiling tinyvec_macros v0.1.1
   Compiling tinyvec v1.13.2
   Compiling kurbo v0.13.1
   Compiling core_maths v0.1.1
   Compiling miniz_oxide v0.8.9
   Compiling fdeflate v0.3.7
   Compiling serde_core v1.0.229
   Compiling once_cell v1.21.4
   Compiling ttf-parser v0.25.1
   Compiling font-types v0.11.3
   Compiling font-types v0.12.4
   Compiling syn v2.0.119
   Compiling generic-array v0.14.7
   Compiling zmij v1.0.23
   Compiling unicode-script v0.5.8
   Compiling synstructure v0.13.2
   Compiling read-fonts v0.41.0
   Compiling read-fonts v0.39.2
   Compiling simplecss v0.2.2
   Compiling pico-args v0.5.0
   Compiling equivalent v1.0.2
   Compiling data-url v0.3.2
   Compiling typenum v1.20.1
   Compiling unicode-bidi v0.3.18
   Compiling hashbrown v0.17.1
   Compiling xmlwriter v0.1.0
   Compiling unicode-vo v0.1.0
   Compiling serde v1.0.229
   Compiling serde_json v1.0.151
   Compiling indexmap v2.14.2
   Compiling tiny-skia-path v0.12.0
   Compiling serde_derive v1.0.229
   Compiling bitflags v1.3.2
   Compiling ryu v1.0.23
   Compiling base64 v0.22.1
   Compiling png v0.17.16
   Compiling write-fonts v0.48.1
   Compiling harfrust v0.12.0
   Compiling skrifa v0.42.1
   Compiling zerofrom-derive v0.1.7
   Compiling memmap2 v0.9.11
   Compiling tiny-skia-path v0.11.4
   Compiling rgb v0.8.53
   Compiling kurbo v0.11.3
   Compiling ryu-js v1.0.3
   Compiling unicode-properties v0.1.4
   Compiling pxfm v0.1.30
   Compiling unicode-bidi-mirroring v0.4.0
   Compiling unicode-ccc v0.4.0
   Compiling rustc-hash v2.1.3
   Compiling subsetter v0.2.6
   Compiling chart-core v0.1.0 (/Users/jeickmeier/Projects/finstack-chart/crates/chart-core)
   Compiling rustybuzz v0.20.1
   Compiling svgtypes v0.15.3
   Compiling fontdb v0.23.0
   Compiling zerofrom v0.1.8
   Compiling crypto-common v0.1.7
   Compiling block-buffer v0.10.4
   Compiling skrifa v0.44.0
   Compiling yoke-derive v0.8.2
   Compiling png v0.18.1
   Compiling svgtypes v0.16.1
   Compiling fontdb v0.24.0
   Compiling roxmltree v0.21.1
   Compiling base64 v0.23.1
   Compiling stable_deref_trait v1.2.1
   Compiling imagesize v0.13.0
   Compiling imagesize v0.15.0
   Compiling roxmltree v0.20.0
   Compiling usvg v0.45.1
   Compiling usvg v0.48.1
   Compiling yoke v0.8.3
   Compiling tiny-skia v0.12.0
   Compiling digest v0.10.7
   Compiling tiny-skia v0.11.4
   Compiling pdf-writer v0.15.0
   Compiling cpufeatures v0.2.17
   Compiling bumpalo v3.20.3
   Compiling xmp-writer v0.3.3
   Compiling krilla v0.8.2
   Compiling sha2 v0.10.9
   Compiling resvg v0.45.1
   Compiling resvg v0.48.1
   Compiling chart-text v0.1.0 (/Users/jeickmeier/Projects/finstack-chart/crates/chart-text)
   Compiling pdf-writer v0.12.1
   Compiling svg2pdf v0.13.0
   Compiling chart-export v0.1.0 (/Users/jeickmeier/Projects/finstack-chart/crates/chart-export)
   Compiling chart-extension-example v0.1.0 (/Users/jeickmeier/Projects/finstack-chart/examples/custom-extension)
    Finished `dev` profile [unoptimized + debuginfo] target(s) in 39.93s
     Running `target/axis-rust-proof/debug/examples/axis_tick_proof docs/evidence/phase-2-axis-ticks/rust`
PASS Rust AX02: v11 primary round trip, independent labels/values, retained guides and SVG/PDF/PNG.
