     Locking 63 packages to latest Rust 1.97.1 compatible versions
      Adding resvg v0.45.1 (available: v0.48.1)
   Compiling libm v0.2.16
   Compiling simd-adler32 v0.3.10
   Compiling adler2 v2.0.1
   Compiling crc32fast v1.5.1
   Compiling libc v0.2.189
   Compiling bytemuck v1.25.2
   Compiling cfg-if v1.0.4
   Compiling log v0.4.34
   Compiling version_check v0.9.5
   Compiling slotmap v1.1.1
   Compiling core_maths v0.1.1
   Compiling miniz_oxide v0.9.1
   Compiling smallvec v1.16.0
   Compiling float-cmp v0.9.0
   Compiling arrayvec v0.7.8
   Compiling strict-num v0.1.1
   Compiling flate2 v1.1.10
   Compiling ttf-parser v0.25.1
   Compiling arrayref v0.3.9
   Compiling tinyvec_macros v0.1.1
   Compiling tinyvec v1.13.2
   Compiling tiny-skia-path v0.11.4
   Compiling memmap2 v0.9.11
   Compiling kurbo v0.11.3
   Compiling miniz_oxide v0.8.9
   Compiling fdeflate v0.3.7
   Compiling bitflags v1.3.2
   Compiling siphasher v1.0.3
   Compiling unicode-properties v0.1.4
   Compiling unicode-script v0.5.8
   Compiling bitflags v2.13.1
   Compiling unicode-ccc v0.4.0
   Compiling unicode-bidi-mirroring v0.4.0
   Compiling svgtypes v0.15.3
   Compiling rustybuzz v0.20.1
   Compiling png v0.17.16
   Compiling fontdb v0.23.0
   Compiling simplecss v0.2.2
   Compiling pico-args v0.5.0
   Compiling zune-core v0.4.12
   Compiling weezl v0.1.12
   Compiling byteorder-lite v0.1.0
   Compiling unicode-vo v0.1.0
   Compiling base64 v0.22.1
   Compiling unicode-bidi v0.3.18
   Compiling data-url v0.3.2
   Compiling quick-error v2.0.1
   Compiling xmlwriter v0.1.0
   Compiling roxmltree v0.20.0
   Compiling imagesize v0.13.0
   Compiling color_quant v1.1.0
   Compiling usvg v0.45.1
   Compiling gif v0.13.3
   Compiling image-webp v0.2.4
   Compiling zune-jpeg v0.4.21
   Compiling tiny-skia v0.11.4
   Compiling rgb v0.8.53
   Compiling resvg v0.45.1
   Compiling axis-svg-inspection v0.1.0 (/Users/jeickmeier/Projects/finstack-chart/target/axis-ticks/svg-render)
    Finished `dev` profile [unoptimized + debuginfo] target(s) in 2m 02s
     Running `target/axis-ticks/svg-render/target/debug/axis-svg-inspection docs/evidence/phase-2-axis-ticks/rust/ticks.svg docs/evidence/phase-2-axis-ticks/svg.png examples/fixtures/capability/fonts/NotoSans-Regular.ttf`

thread 'main' (131605) panicked at src/main.rs:4:45:
called `Result::unwrap()` on an `Err` value: Os { code: 2, kind: NotFound, message: "No such file or directory" }
note: run with `RUST_BACKTRACE=1` environment variable to display a backtrace
