   Compiling proc-macro2 v1.0.107
   Compiling quote v1.0.47
   Compiling num-traits v0.2.19
   Compiling crc32fast v1.5.1
   Compiling serde_core v1.0.229
   Compiling zmij v1.0.23
   Compiling generic-array v0.14.7
   Compiling serde_json v1.0.151
   Compiling libm v0.2.16
   Compiling serde v1.0.229
   Compiling rustversion v1.0.23
   Compiling flate2 v1.1.10
   Compiling crypto-common v0.1.7
   Compiling block-buffer v0.10.4
   Compiling syn v3.0.5
   Compiling syn v2.0.119
   Compiling png v0.18.1
   Compiling png v0.17.16
   Compiling digest v0.10.7
   Compiling float-cmp v0.9.0
   Compiling strict-num v0.1.1
   Compiling sha2 v0.10.9
   Compiling wasm-bindgen v0.2.128
   Compiling synstructure v0.13.2
   Compiling zerofrom-derive v0.1.7
   Compiling yoke-derive v0.8.2
   Compiling wasm-bindgen-macro-support v0.2.128
   Compiling bytemuck_derive v1.12.0
   Compiling serde_derive v1.0.229
   Compiling zerofrom v0.1.8
   Compiling yoke v0.8.3
   Compiling bytemuck v1.25.2
   Compiling font-types v0.12.4
   Compiling font-types v0.11.3
   Compiling tiny-skia-path v0.12.0
   Compiling rgb v0.8.53
   Compiling read-fonts v0.39.2
   Compiling read-fonts v0.41.0
   Compiling tiny-skia v0.12.0
   Compiling wasm-bindgen-macro v0.2.128
   Compiling chart-core v0.1.0 (/workspace/crates/chart-core)
   Compiling write-fonts v0.48.1
   Compiling skrifa v0.42.1
   Compiling harfrust v0.12.0
   Compiling skrifa v0.44.0
   Compiling usvg v0.48.1
   Compiling chart-text v0.1.0 (/workspace/crates/chart-text)
   Compiling chart-extension-example v0.1.0 (/workspace/examples/custom-extension)
   Compiling resvg v0.48.1
   Compiling subsetter v0.2.6
   Compiling krilla v0.8.2
   Compiling chart-export v0.1.0 (/workspace/crates/chart-export)
   Compiling chart-wasm v0.1.0 (/workspace/crates/chart-wasm)
    Finished `dev` profile [unoptimized + debuginfo] target(s) in 24.58s
