   Compiling chart-core v0.1.0 (/workspace/crates/chart-core)
    Finished `test` profile [unoptimized + debuginfo] target(s) in 1m 13s
     Running unittests src/lib.rs (target/debug/deps/chart_core-a27a11c556a0c361)

running 12 tests
test navigation::tests::pointer_anchor_uses_log_and_symlog_coordinates ... ok
test navigation::tests::calendar_navigation_uses_piecewise_mapping_and_exact_timestamps ... ok
test navigation::tests::reversed_ranges_domain_clamp_region_and_invalid_inputs ... ok
test navigation::tests::sessions_zoom_by_active_time_and_reject_unknown_calendar_extent ... ok
test navigation::tests::timestamp_navigation_preserves_large_integer_identity ... ok
test navigation::tests::piecewise_numeric_zoom_retains_knots_and_pointer_anchor ... ok
test state::reducer::tests::disposal_is_terminal_even_when_cancellation_cannot_advance_a_revision ... ok
test transaction::tests::exhausted_store_dataset_and_ordinal_counters_roll_back ... ok
test state::tests::state_and_viewport_revision_exhaustion_leave_state_unchanged ... ok
test navigation::tests::category_windows_preserve_catalog_lookup_and_singletons ... ok
test inspection::index::tests::duplicate_x_signed_zeros_keep_frontmost_128_and_all_keyboard_identities ... ok
test color::trig::tests::fixed_trigonometry_matches_pinned_v8_anchors ... ok

test result: ok. 12 passed; 0 failed; 0 ignored; 0 measured; 0 filtered out; finished in 0.11s

     Running tests/actions.rs (target/debug/deps/actions-1d66c763d3704e68)

running 9 tests
test controlled_acknowledgements_cannot_overwrite_newer_actions_or_reuse_components ... ok
test effective_changes_separate_hover_focus_pin_selection_follow_and_visibility ... ok
test linked_sequences_are_bounded_idempotent_and_preserve_origin_without_feedback_history ... ok
test legacy_viewports_replace_primary_named_windows_without_losing_other_axes ... ok
test invalid_previews_and_resource_caps_preserve_valid_state_and_bounded_history ... ok
test freeze_resume_and_disposal_release_only_owned_snapshot_resources ... ok
test gestures_pin_old_coordinates_cancel_without_committing_and_reject_competing_owners ... ok
test frozen_resize_advances_projection_without_admitting_later_semantics ... ok
test annotation_preview_is_one_undo_command_and_cancellation_never_changes_source_or_history ... ok

test result: ok. 9 passed; 0 failed; 0 ignored; 0 measured; 0 filtered out; finished in 0.01s

     Running tests/authoring.rs (target/debug/deps/authoring-69e6e088372539ee)

running 13 tests
test component_options_reject_incompatible_owners_without_preparation ... ok
test facets_reject_same_ordinal_with_different_field_names ... ok
test exact_nullable_data_and_timestamps_survive_materialization ... ok
test schema_errors_and_foreign_handles_reject_without_mutating_data ... ok
test automatic_timestamp_origins_align_independent_datasets_without_narrowing_ticks ... ok
test labels_are_single_annotations_and_callout_components_preserve_the_endpoint ... ok
test columns_and_rows_prepare_identical_values_without_manual_ids ... ok
test nondefault_recipe_and_primary_axis_options_survive_later_components ... ok
test histogram_lowers_to_the_existing_bin_kernel_and_source_membership ... ok
test shared_automatic_color_catalog_is_consistent_across_data_and_updates ... ok
test grid_infers_empty_combinations_and_build_rejects_invalid_catalogs ... ok
test imported_identity_preserves_seeded_jitter_and_rejects_ambiguous_data_owners ... ok
test shared_transform_runs_once_and_generated_color_uses_its_own_stage ... ok

test result: ok. 13 passed; 0 failed; 0 ignored; 0 measured; 0 filtered out; finished in 0.01s

     Running tests/authoring_families.rs (target/debug/deps/authoring_families-eca5d89c32789f8f)

running 2 tests
test primary_composition_preserves_independent_publication_fixtures ... ok
test primary_builders_preserve_independent_family_fixtures ... ok

test result: ok. 2 passed; 0 failed; 0 ignored; 0 measured; 0 filtered out; finished in 0.18s

     Running tests/authoring_host.rs (target/debug/deps/authoring_host-ec81c0d75ec1a64c)

running 2 tests
test host_composition_matches_independent_bins_and_rejects_misplaced_components ... ok
test primary_envelope_roundtrip_preserves_exact_data_names_and_rejects_malformed_registry ... ok

test result: ok. 2 passed; 0 failed; 0 ignored; 0 measured; 0 filtered out; finished in 0.01s

     Running tests/authoring_runtime.rs (target/debug/deps/authoring_runtime-84f1e22896cfe2d4)

running 8 tests
test primary_transaction_rollback_retention_and_epoch_fences_are_atomic ... ok
test structural_construction_does_not_execute_or_reject_native_only_stats ... ok
test primary_edits_preserve_live_rows_retry_history_and_component_identity ... ok
test primary_external_views_share_source_and_preserve_names_but_own_state ... ok
test definition_only_edits_retain_current_source_replay_and_pending_queue ... ok
test external_views_share_committed_source_but_keep_independent_state ... ok
test worker_admission_preserves_newer_committed_source_and_reuses_worker_tables ... ok
test typed_and_legacy_transactions_match_independent_bin_counts_and_replay ... ok

test result: ok. 8 passed; 0 failed; 0 ignored; 0 measured; 0 filtered out; finished in 0.01s

     Running tests/chromatic.rs (target/debug/deps/chromatic-b49bdaa49c7ef5a1)

running 2 tests
test every_actual_scheme_array_is_exact_and_owned ... ok
test every_interpolator_sample_matches_exact_reference_bytes ... ok

test result: ok. 2 passed; 0 failed; 0 ignored; 0 measured; 0 filtered out; finished in 0.58s

     Running tests/chromatic_integration.rs (target/debug/deps/chromatic_integration-08b83e935b7118bf)

running 7 tests
test equal_endpoint_swatches_do_not_erase_reversed_ramp_identity ... ok
test asymmetric_normalization_reversal_missing_and_guide_identity ... ok
test nonfinite_named_ordinal_keys_are_missing_and_do_not_shift_training ... ok
test palette_reconfiguration_reuses_tables_and_matches_fresh_preparation ... ok
test palette_metadata_checked_and_v1_v6_ingestion_is_strict ... ok
test every_named_scale_composition_matches_pinned_reference ... ok
test exceptional_normalized_parameters_preserve_valid_reference_colors ... ok

test result: ok. 7 passed; 0 failed; 0 ignored; 0 measured; 0 filtered out; finished in 0.02s

     Running tests/color_parity.rs (target/debug/deps/color_parity-eb7b828b7de6c2c2)

running 3 tests
test independent_color_math_and_quantization_preserve_floating_information ... ok
test color_descriptors_parser_budgets_and_channel_names_reject_malformed_inputs ... ok
test complete_color_oracle_covers_all_constructors_and_inherited_operations ... ok

test result: ok. 3 passed; 0 failed; 0 ignored; 0 measured; 0 filtered out; finished in 0.20s

     Running tests/contracts.rs (target/debug/deps/contracts-5def10f5f5227937)

running 21 tests
test identities_and_revisions_preserve_all_64_bits ... ok
test host_failures_preserve_codes_and_gain_requested_resource_context ... ok
test count_limits_fail_before_primitive_validation ... ok
test image_resource_cannot_stand_in_for_a_font ... ok
test invalid_sizes_and_overflowing_point_extents_are_rejected ... ok
test invalid_replacement_and_input_mutation_leave_owned_scene_unchanged ... ok
test measurement_preflight_rejects_invalid_sizes_and_text_before_host_calls ... ok
test measurement_receives_exact_destination_and_returns_finite_baseline_metrics ... ok
test missing_font_diagnostic_identifies_resource_layer_and_scene ... ok
test path_budget_is_aggregate_and_precedes_segment_scanning ... ok
test points_reject_nonfinite_coordinates_on_both_axes ... ok
test numeric_paths_preserve_segments_and_reject_invalid_subpath_order ... ok
test rectangles_validate_extents_and_arithmetic_not_only_inputs ... ok
test resource_budgets_reject_oversized_and_overflowing_totals ... ok
test resource_limits_are_checked_before_calling_a_non_send_host ... ok
test resource_resolution_borrows_exact_bytes_and_checks_length ... ok
test revision_exhaustion_is_an_error_without_wrap_or_mutation ... ok
test scene_preserves_order_clips_units_and_stamps ... ok
test scene_rejects_two_revisions_of_one_resource_identity ... ok
test text_budget_counts_total_utf8_bytes_not_characters_or_per_item_length ... ok
test text_metric_construction_rejects_nonfinite_negative_and_overflowing_values ... ok

test result: ok. 21 passed; 0 failed; 0 ignored; 0 measured; 0 filtered out; finished in 0.00s

     Running tests/data_transactions.rs (target/debug/deps/data_transactions-853b1385685134d1)

running 16 tests
test all_portable_kinds_preserve_exact_values_and_original_display ... ok
test fix09_provenance_resolves_only_declared_scope_and_pinned_history ... ok
test invalid_last_dataset_rolls_back_everything_and_does_not_remember_id ... ok
test fix16_typed_and_normalized_handles_pin_then_release_ownership ... ok
test expected_bases_epoch_fences_and_empty_commits ... ok
test fix08_ordered_atomic_counts_and_replay ... ok
test fix16_timestamp_origin_validity_and_bounded_diagnostics ... ok
test category_identity_survives_code_reassignment_removal_and_schema_version ... ok
test malformed_schemas_batches_and_null_dictionary_codes_are_checked ... ok
test replacement_reorders_without_reassigning_keys_and_retention_uses_ordinals ... ok
test replay_eviction_is_fifo_and_old_effective_commit_conflicts ... ok
test net_noops_keep_revisions_and_nan_payload_replay_is_bit_exact ... ok
test schema_migration_is_explicit_and_ordered ... ok
test resource_budgets_reject_before_publication_and_byte_horizon_evicts ... ok
test deterministic_operation_sequence_matches_independent_batch_model ... ok
test append_shares_every_retained_chunk_and_upsert_copies_only_affected_chunk ... ok

test result: ok. 16 passed; 0 failed; 0 ignored; 0 measured; 0 filtered out; finished in 0.12s

     Running tests/dense.rs (target/debug/deps/dense-281b16f403b101cc)

running 3 tests
test envelope_preserves_chronological_endpoints_and_extrema_per_bucket ... ok
test candle_buckets_use_chronological_first_open_high_low_last_close_and_valid_volume ... ok
test reduced_scene_preserves_gap_boundaries_and_exact_raw_lookup_for_discarded_vertices ... ok

test result: ok. 3 passed; 0 failed; 0 ignored; 0 measured; 0 filtered out; finished in 0.01s

     Running tests/expressions.rs (target/debug/deps/expressions-b511a1dd154cca9a)

running 4 tests
test invalid_types_cycles_and_work_are_rejected_even_without_rows ... ok
test means_do_not_overflow_or_underflow_from_an_intermediate_sum ... ok
test typed_missing_booleans_and_text_have_explicit_semantics ... ok
test arithmetic_reductions_missingness_and_snapshot_reads ... ok

test result: ok. 4 passed; 0 failed; 0 ignored; 0 measured; 0 filtered out; finished in 0.00s

     Running tests/facets.rs (target/debug/deps/facets-170d5af10e1c2319)

running 9 tests
test source_filters_precede_catalog_validation_and_empty_panel_drop ... ok
test declared_figure_overflow_and_default_plot_clip_are_preserved_in_facets ... ok
test shared_log_scale_uses_positive_population_from_all_panels ... ok
test fix06_explicit_annotation_policy_shared_domain_and_exact_panel_targets ... ok
test figure_budgets_invalid_catalog_and_tiny_dense_labels_fail_or_fallback_explicitly ... ok
test group_facet_chart_statistics_have_independent_expected_populations_and_cache_keys ... ok
test explicit_empty_panels_grid_coordinates_and_reordering_preserve_keys ... ok
test free_scales_intentionally_differ_and_resize_font_changes_keep_aligned_panes ... ok
test color_guides_collect_only_exact_compatible_id_domain_and_palette ... ok

test result: ok. 9 passed; 0 failed; 0 ignored; 0 measured; 0 filtered out; finished in 0.01s

     Running tests/full_scales.rs (target/debug/deps/full_scales-91157937eac2655d)

running 4 tests
test symlog_signed_roundtrip_extreme_ratio ... ok
test supplied_sessions_compress_gaps_and_retain_exact_large_timestamps ... ok
test logarithmic_policies_roundtrips_and_invalids ... ok
test points_and_colors_have_declared_missing_and_domain_policy ... ok

test result: ok. 4 passed; 0 failed; 0 ignored; 0 measured; 0 filtered out; finished in 0.00s

     Running tests/ggplot_stages.rs (target/debug/deps/ggplot_stages-147556266a278d33)

running 10 tests
test logged_summary_projects_once_into_destination_geometry ... ok
test inferred_multiple_discrete_fields_and_stat_override_use_exact_interactions ... ok
test missing_discrete_values_and_float_group_keys_match_reference_partitions ... ok
test source_expressions_and_reductions_use_registered_data_before_filters ... ok
test after_stat_expressions_reduce_generated_populations_and_backtransform_log_values ... ok
test after_scale_and_theme_expressions_preserve_defaults_overrides_and_old_snapshots ... ok
test shared_statistics_use_source_grouping_and_scale_context_once ... ok
test horizontal_histogram_and_column_defaults_reuse_stat_and_geometry_stages ... ok
test scale_transforms_limits_and_oob_precede_statistics_while_coordinates_do_not ... ok
test profile_provenance_grouping_and_revision_survive_primary_and_legacy_round_trips ... ok

test result: ok. 10 passed; 0 failed; 0 ignored; 0 measured; 0 filtered out; finished in 0.08s

     Running tests/grammar.rs (target/debug/deps/grammar-1c433fca0b17f65f)

running 20 tests
test inherited_schema_and_generated_stage_mismatches_fail_with_context ... ok
test graph_cycles_unknown_operations_and_forward_dependencies_are_checked ... ok
test mapped_sizes_are_distinct_from_constant_style_and_all_endpoints_train_domains ... ok
test equal_x_ties_keep_insertion_ordinals_after_replacement_and_authored_order_is_explicit ... ok
test heterogeneous_typed_sources_and_shared_histogram_overlay_use_one_engine ... ok
test fix01_null_y_is_two_isolated_runs_with_exact_source_targets ... ok
test fix02_histogram_is_bin_stat_plus_rectangles_with_complete_membership ... ok
test edges_outliers_invalid_inputs_and_empty_bins_have_explicit_counts ... ok
test budgets_and_invalid_definitions_keep_last_prepared_result_and_cache_valid ... ok
test grouped_bins_use_stable_labels_and_lines_never_cross_groups_or_unknown_x ... ok
test precise_timestamps_keep_their_origin_and_incompatible_origins_fail ... ok
test schema_preflight_precedes_population_work_and_null_filters_are_reported ... ok
test cache_invalidates_on_correction_parameters_and_snapshot_identity ... ok
test signed_zero_x_values_use_ordinal_ties_and_rectangles_preserve_exact_endpoints ... ok
test transformed_statistics_record_space_once_and_reject_mixed_axes ... ok
test generated_midpoints_avoid_overflow_and_subnormal_loss ... ok
test repeated_invalid_geometry_has_bounded_diagnostics_and_old_handles_remain_valid ... ok
test typed_accessors_run_once_without_send_bounds_and_do_not_escape_to_prepared_scene ... ok
test state_actions_are_atomic_idempotent_and_preserve_prepared_snapshots ... ok
test viewport_and_visibility_leave_stat_population_domains_and_cache_unchanged ... ok

test result: ok. 20 passed; 0 failed; 0 ignored; 0 measured; 0 filtered out; finished in 0.01s

     Running tests/host_tools.rs (target/debug/deps/host_tools-0d7c3f04dd5f1a59)

running 10 tests
test time_constraints_roundtrip_as_decimal_strings_without_integer_narrowing ... ok
test threshold_connector_uses_authored_endpoints_independent_of_label_offset ... ok
test accessible_page_preserves_exact_keys_values_and_bounded_pagination ... ok
test range_handles_reject_crossing_and_pinned_edits_ignore_resize_then_cancel ... ok
test threshold_translation_snaps_both_endpoints_and_commits_one_undo_command ... ok
test semantic_links_remap_layer_ids_and_suppress_cycles_without_source_edits ... ok
test linked_selection_survives_viewport_clipping_and_hidden_receiving_layers ... ok
test aggregate_links_and_descriptions_preserve_membership_revision ... ok
test linked_windows_use_semantic_values_and_preserve_unrelated_axes ... ok
test exact_timestamp_and_category_editing_use_presented_typed_coordinates ... ok

test result: ok. 10 passed; 0 failed; 0 ignored; 0 measured; 0 filtered out; finished in 0.01s

     Running tests/inspection.rs (target/debug/deps/inspection-a571310f9b8005aa)

running 10 tests
test empty_inspection_and_invalid_options_are_recoverable ... ok
test rectangle_selection_intersects_bars_instead_of_testing_centers ... ok
test scatter_nearest_radius_clips_and_equal_distance_z_order ... ok
test nearest_x_groups_preserve_gap_targets_and_never_invent_interpolation ... ok
test brushes_lasso_series_and_limits_preserve_vertex_provenance ... ok
test keyboard_wrap_clear_idempotency_and_stale_stamp_are_atomic ... ok
test histogram_hit_retains_aggregate_members_and_respects_containment ... ok
test stable_keyboard_identity_survives_rebuild_and_removal_clears_it ... ok
test candle_wicks_are_contained_and_keyboard_deduplicates_each_candle ... ok
test dense_spatial_and_sorted_x_match_scan_without_source_work ... ok

test result: ok. 10 passed; 0 failed; 0 ignored; 0 measured; 0 filtered out; finished in 0.77s

     Running tests/interpolate_color.rs (target/debug/deps/interpolate_color-7b4857376314861f)

running 2 tests
test floating_channels_opacity_hue_and_splines_keep_their_contracts ... ok
test every_color_export_gamma_and_hue_matches_offline_reference ... ok

test result: ok. 2 passed; 0 failed; 0 ignored; 0 measured; 0 filtered out; finished in 0.03s

     Running tests/interpolate_descriptors.rs (target/debug/deps/interpolate_descriptors-1eef2550181c192f)

running 2 tests
test every_descriptor_family_round_trips_and_keeps_owned_samples ... ok
test color_consumers_keep_floating_channels_and_portable_validation_is_strict ... ok

test result: ok. 2 passed; 0 failed; 0 ignored; 0 measured; 0 filtered out; finished in 0.00s

     Running tests/interpolate_motion.rs (target/debug/deps/interpolate_motion-d7df2818e5255136)

running 3 tests
test independent_transform_order_reflection_and_zoom_invariants ... ok
test pinned_real_browser_transforms_match_decomposition_and_geometry ... ok
test all_zoom_rho_duration_cases_match_reference ... ok

test result: ok. 3 passed; 0 failed; 0 ignored; 0 measured; 0 filtered out; finished in 0.03s

     Running tests/interpolate_scalar.rs (target/debug/deps/interpolate_scalar-be926a67b83f1518)

running 3 tests
test independent_rounding_composition_and_owned_sampling_contracts ... ok
test parameter_controls_and_output_counts_are_bounded ... ok
test every_scalar_and_composition_case_matches_the_offline_oracle ... ok

test result: ok. 3 passed; 0 failed; 0 ignored; 0 measured; 0 filtered out; finished in 0.03s

     Running tests/interpolate_values.rs (target/debug/deps/interpolate_values-2a5b672f903d5855)

running 3 tests
test independent_target_shapes_dates_casts_and_reuse ... ok
test every_structured_value_case_matches_offline_reference_and_adaptations ... ok
test strict_value_decoding_and_aggregate_limits_reject_invalid_inputs ... ok

test result: ok. 3 passed; 0 failed; 0 ignored; 0 measured; 0 filtered out; finished in 0.09s

     Running tests/layout.rs (target/debug/deps/layout-e1a273a2c1bc9a52)

running 20 tests
test invalid_scale_options_reject_even_at_tiny_bounds_before_measurement ... ok
test known_linear_geometry_clips_targets_ranges_and_inverse_share_one_scene ... ok
test representable_narrow_numeric_domains_have_finite_scene_and_distinct_labels ... ok
test projection_overflow_and_category_or_guide_budgets_fail_without_replacing_a_scene ... ok
test independent_named_axes_accept_distinct_calculation_spaces_and_hidden_layers_train ... ok
test category_catalogs_merge_by_label_across_layers_and_reject_numeric_statistics ... ok
test resource_and_work_errors_precede_callbacks_and_preserve_previous_scene ... ok
test outside_policies_split_lines_and_annotation_overflow_is_explicit ... ok
test utc_large_origin_scene_uses_integer_inverse_and_calendar_labels ... ok
test crowded_labels_are_thinned_deterministically_with_a_pressure_diagnostic ... ok
test wp11_mapped_color_changes_styles_and_metadata_without_numeric_domain_changes ... ok
test automatic_category_training_is_eligible_and_keeps_retained_relative_order ... ok
test category_label_projection_survives_codes_reordering_removal_and_explicit_domain ... ok
test destination_text_changes_margins_without_recomputing_statistics ... ok
test zoom_keeps_histogram_edges_counts_membership_domains_and_snapshot ... ok
test wp11_area_and_ribbon_split_missing_and_validate_bounds ... ok
test tiny_empty_and_empty_histogram_have_controlled_states_and_finite_geometry ... ok
test wp11_ohlc_validation_and_volume_invalidity_are_independent ... ok
test visibility_has_its_own_scene_stamp_and_does_not_change_trained_domains ... ok
test wp11_portable_log_axis_and_secondary_units_use_shared_projection ... ok

test result: ok. 20 passed; 0 failed; 0 ignored; 0 measured; 0 filtered out; finished in 0.01s

     Running tests/paint_integration.rs (target/debug/deps/paint_integration-a053448030b174fb)

running 5 tests
test paint_retains_descriptors_and_legacy_bytes_with_strict_ingestion ... ok
test floating_palette_avoids_endpoint_rounding_and_preserves_legacy_mapping ... ok
test floating_color_only_edits_reuse_statistics_and_match_fresh_batch ... ok
test perceptual_palette_changes_reuse_tables_targets_and_update_guides ... ok
test every_retained_paint_location_requires_version_four_and_preserves_legacy_versions ... ok

test result: ok. 5 passed; 0 failed; 0 ignored; 0 measured; 0 filtered out; finished in 0.01s

     Running tests/path_lowering.rs (target/debug/deps/path_lowering-ef76ed0e665404dc)

running 5 tests
test every_numeric_argument_rejects_nonfinite_without_changing_the_builder ... ok
test replay_and_scene_snapshots_preserve_supplied_metadata_without_vertex_targets ... ok
test circular_lowering_obeys_coordinate_bound_at_multiple_scales_and_directions ... ok
test transforms_preserve_arcs_or_lower_with_destination_bounds_and_budget ... ok
test primary_path_snapshot_and_versions_preserve_legacy_contract ... ok

test result: ok. 5 passed; 0 failed; 0 ignored; 0 measured; 0 filtered out; finished in 0.01s

     Running tests/path_parity.rs (target/debug/deps/path_parity-57c5b703bc242e7d)

running 3 tests
test independent_tangency_rectangles_and_precision ... ok
test rejected_arguments_budgets_batches_and_external_sink_errors ... ok
test all_pinned_sequences_match_offline_at_every_operation ... ok

test result: ok. 3 passed; 0 failed; 0 ignored; 0 measured; 0 filtered out; finished in 0.00s

     Running tests/portable.rs (target/debug/deps/portable-12e39d85344a7ee2)

running 6 tests
test native_accessors_fail_serialization_instead_of_disappearing ... ok
test fix16_all_64_bits_null_payload_and_formatted_columns_round_trip ... ok
test strict_versions_required_fields_unknown_operations_and_duplicate_keys_reject ... ok
test state_restore_cannot_reuse_revision_for_changed_content ... ok
test fix15_round_trip_correction_viewport_and_aggregate_members ... ok
test bounded_decoding_and_failed_transactions_leave_data_and_state_unchanged ... ok

test result: ok. 6 passed; 0 failed; 0 ignored; 0 measured; 0 filtered out; finished in 0.01s

     Running tests/reference_inventory.rs (target/debug/deps/reference_inventory-d01b49fab52b5066)

running 2 tests
test complete_reference_inventory_retains_owners_and_independent_seed_expectations ... ok
test chromatic_reference_inventory_retains_every_export_size_and_sample ... ok

test result: ok. 2 passed; 0 failed; 0 ignored; 0 measured; 0 filtered out; finished in 0.35s

     Running tests/scale_calendar.rs (target/debug/deps/scale_calendar-796e21d16f1c6897)

running 8 tests
test timestamp_clamp_and_omit_precede_integer_precision_conversion ... ok
test exact_time_units_integer_limits_and_typed_ranges ... ok
test resource_coverage_wall_resolution_and_invalid_requests_are_explicit ... ok
test every_fixed_zone_interval_matches_floor_ceil_offset_and_ticks ... ok
test automatic_fixed_zone_ticks_and_nice_match_all_reference_counts ... ok
test fixed_zone_time_mapping_and_inverse_match_reference ... ok
test original_time_scale_inventory_matches_declared_integer_date_overlap ... ok
test expanded_filtered_intervals_custom_formats_and_utc_day_selection_match ... ok

test result: ok. 8 passed; 0 failed; 0 ignored; 0 measured; 0 filtered out; finished in 0.71s

     Running tests/scale_categorical.rs (target/debug/deps/scale_categorical-8c12c78049f12479)

running 3 tests
test exact_typed_keys_and_explicit_training_do_not_mutate_frozen_catalogs ... ok
test independent_spacing_windows_and_hit_geometry_preserve_category_identity ... ok
test all_pinned_band_point_and_ordinal_cases_match ... ok

test result: ok. 3 passed; 0 failed; 0 ignored; 0 measured; 0 filtered out; finished in 0.08s

     Running tests/scale_classifier.rs (target/debug/deps/scale_classifier-9e18e6e8b3fde577)

running 3 tests
test reference_constructor_defaults_are_usable_without_manual_configuration ... ok
test generic_outputs_large_keys_and_population_corrections_are_independent ... ok
test all_pinned_classifier_cases_match_mapping_extents_and_cuts ... ok

test result: ok. 3 passed; 0 failed; 0 ignored; 0 measured; 0 filtered out; finished in 0.08s

     Running tests/scale_interpolated.rs (target/debug/deps/scale_interpolated-46f7f18a25e6da30)

running 3 tests
test custom_typed_interpolation_midpoint_rounding_and_rank_degeneracies ... ok
test continuous_typed_ranges_use_shared_numeric_knots ... ok
test all_pinned_sequential_diverging_and_rank_cases_match ... ok

test result: ok. 3 passed; 0 failed; 0 ignored; 0 measured; 0 filtered out; finished in 0.09s

     Running tests/scale_numeric.rs (target/debug/deps/scale_numeric-c22a985d3ddc329b)

running 3 tests
test independent_piecewise_radial_clamp_and_copy_contracts ... ok
test chart_clamp_uses_effective_mapping_domain ... ok
test pinned_numeric_mapping_and_inverse_families_match ... ok

test result: ok. 3 passed; 0 failed; 0 ignored; 0 measured; 0 filtered out; finished in 0.09s

     Running tests/scale_operations.rs (target/debug/deps/scale_operations-ae4a09097241f586)

running 2 tests
test standalone_named_options_are_atomic_and_capabilities_are_checked ... ok
test every_pinned_operation_and_declared_adaptation_is_observable ... ok

test result: ok. 2 passed; 0 failed; 0 ignored; 0 measured; 0 filtered out; finished in 1.18s

     Running tests/scale_population.rs (target/debug/deps/scale_population-b4d4ce922c68b5fb)

running 4 tests
test classifier_labels_are_compact_without_merging_distinct_cutpoints ... ok
test numeric_thresholds_read_integer_columns_numerically_and_explicit_keys_stay_exact ... ok
test faceted_quantiles_count_duplicate_observations_and_broadcast_population_once ... ok
test ordinal_and_quantile_updates_match_independent_retained_batches_and_keep_old_owners ... ok

test result: ok. 4 passed; 0 failed; 0 ignored; 0 measured; 0 filtered out; finished in 0.02s

     Running tests/scale_ticks_format.rs (target/debug/deps/scale_ticks_format-81e8ee77a02254d4)

running 5 tests
test independent_resource_sign_rounding_and_copy_contracts ... ok
test distribution_nice_preserves_midpoints_and_rebuilds_thresholds ... ok
test all_pinned_standalone_tick_formats ... ok
test all_pinned_numeric_ticks_and_default_labels ... ok
test expanded_pinned_specifiers_locales_and_tick_boundaries ... ok

test result: ok. 5 passed; 0 failed; 0 ignored; 0 measured; 0 filtered out; finished in 0.80s

     Running tests/scales.rs (target/debug/deps/scales-5a3836ca6eafdbf1)

running 9 tests
test fix07_empty_constant_descending_and_explicit_domains_are_locked ... ok
test baseline_padding_and_nice_precede_viewport_and_are_independent_of_range ... ok
test categorical_explicit_order_centers_extents_gaps_and_lookup_are_distinct_from_inverse ... ok
test decimal_ticks_do_not_accumulate_label_noise_and_time_omission_precedes_precision_conversion ... ok
test numeric_ticks_are_bounded_ordered_unique_and_locale_independent ... ok
test robust_projection_handles_huge_domains_without_intermediate_overflow ... ok
test fix07_large_origin_time_projection_keeps_integer_precision_and_labels ... ok
test utc_calendar_matches_independent_unix_date_fixtures_and_rejects_invalid_dates ... ok
test utc_ticks_follow_month_year_leap_day_and_monday_boundaries ... ok

test result: ok. 9 passed; 0 failed; 0 ignored; 0 measured; 0 filtered out; finished in 0.00s

     Running tests/scheduling.rs (target/debug/deps/scheduling-84e345ee1cbc086c)

running 4 tests
test continuous_arrivals_admit_progress_without_canceling_active_work ... ok
test failures_late_paints_disposal_and_pending_ownership_are_explicit ... ok
test incompatible_spec_viewport_layout_resource_palette_and_epoch_completions_are_rejected ... ok
test independent_dashboard_workers_make_fair_progress_with_one_expensive_chart ... ok

test result: ok. 4 passed; 0 failed; 0 ignored; 0 measured; 0 filtered out; finished in 0.00s

     Running tests/shape_arc_integration.rs (target/debug/deps/shape_arc_integration-6b1ce027ce2131b5)

running 5 tests
test named_shape_statistical_inputs_reject_unexpected_fields ... ok
test generated_counts_feed_one_pie_without_losing_aggregate_membership ... ok
test grouped_pies_ignore_slice_color_for_automatic_population_and_validate_channels ... ok
test pie_layout_preserves_input_targets_and_open_donut_holes ... ok
test arc_radii_are_display_units_and_centers_use_named_projection ... ok

test result: ok. 5 passed; 0 failed; 0 ignored; 0 measured; 0 filtered out; finished in 0.01s

     Running tests/shape_arc_pie.rs (target/debug/deps/shape_arc_pie-9d92b8cfa9a2e520)

running 3 tests
test native_accessors_analytics_invalid_inputs_and_limits ... ok
test full_pie_values_order_and_angle_matrix_retains_owned_data ... ok
test full_arc_geometry_padding_corner_and_centroid_matrix ... ok

test result: ok. 3 passed; 0 failed; 0 ignored; 0 measured; 0 filtered out; finished in 0.06s

     Running tests/shape_cartesian.rs (target/debug/deps/shape_cartesian-28013c4732824a6b)

running 6 tests
test independent_monotone_and_natural_invariants_hold ... ok
test ordering_gaps_independent_boundaries_and_helper_inheritance_are_explicit ... ok
test input_errors_and_resource_bounds_never_return_partial_owned_geometry ... ok
test native_accessors_and_custom_protocol_receive_exact_order_and_area_lifecycle ... ok
test complete_cartesian_seed_matrix_matches_actual_generators ... ok
test extended_controls_helpers_and_irregular_matrix_matches_reference ... ok

test result: ok. 6 passed; 0 failed; 0 ignored; 0 measured; 0 filtered out; finished in 0.13s

     Running tests/shape_foundation.rs (target/debug/deps/shape_foundation-5c56fe710bccf645)

running 2 tests
test shape_inventory_accounts_for_methods_aliases_and_protocols ... ok
test every_reference_shape_context_uses_one_checked_path_engine ... ok

test result: ok. 2 passed; 0 failed; 0 ignored; 0 measured; 0 filtered out; finished in 0.03s

     Running tests/shape_integration.rs (target/debug/deps/shape_integration-480edffbfbc7c496)

running 6 tests
test nonzero_holes_curved_strokes_caps_and_subdivision_limits_are_explicit ... ok
test missing_secondary_coordinate_splits_the_paired_run_and_retains_source_keys ... ok
test clipped_area_interiors_keep_source_focus_without_inventing_brush_vertices ... ok
test general_area_has_independent_boundaries_and_no_lower_upper_order_constraint ... ok
test singleton_curve_policy_remains_distinct_from_legacy_line_points ... ok
test curves_project_before_generation_and_controls_are_never_source_targets ... ok

test result: ok. 6 passed; 0 failed; 0 ignored; 0 measured; 0 filtered out; finished in 0.01s

     Running tests/shape_radial.rs (target/debug/deps/shape_radial-5af248f24ce5a4d6)

running 2 tests
test native_accessors_roundtrips_and_bounds_preserve_polar_contract ... ok
test complete_radial_and_link_corpus_matches_reference ... ok

test result: ok. 2 passed; 0 failed; 0 ignored; 0 measured; 0 filtered out; finished in 0.11s

     Running tests/shape_radial_integration.rs (target/debug/deps/shape_radial_integration-8ac6ba039d438373)

running 6 tests
test facet_vertex_budget_counts_shape_commands_and_source_anchors_across_panels ... ok
test link_endpoint_anchors_retain_one_edge_identity_and_never_create_control_targets ... ok
test radial_holes_gaps_centers_and_real_source_anchors_are_preserved ... ok
test generated_radial_edges_accept_literals_and_train_literal_scales_per_prepared_row ... ok
test projected_shape_budget_is_shared_by_panels_and_insets_before_callbacks ... ok
test pinned_radial_and_link_paths_flow_through_named_chart_channels ... ok

test result: ok. 6 passed; 0 failed; 0 ignored; 0 measured; 0 filtered out; finished in 0.94s

     Running tests/shape_stack.rs (target/debug/deps/shape_stack-489962806f07ca68)

running 3 tests
test signed_endpoints_keep_expand_diverging_and_legacy_distinct ... ok
test native_protocols_accessors_errors_and_budgets_are_checked ... ok
test every_order_offset_and_missing_policy_matches_independent_reference ... ok

test result: ok. 3 passed; 0 failed; 0 ignored; 0 measured; 0 filtered out; finished in 0.08s

     Running tests/shape_stack_integration.rs (target/debug/deps/shape_stack_integration-abb35bc3fba33839)

running 3 tests
test duplicate_cells_baselines_catalogs_and_missing_payloads_are_explicit ... ok
test sparse_zero_boundaries_have_no_synthetic_observation_and_gaps_do_not_bridge ... ok
test all_reference_layouts_flow_through_tidy_bars_and_areas_in_either_row_order ... ok

test result: ok. 3 passed; 0 failed; 0 ignored; 0 measured; 0 filtered out; finished in 0.21s

     Running tests/shape_symbol.rs (target/debug/deps/shape_symbol-3850a340590d0e90)

running 3 tests
test filled_area_and_stroked_topology_are_distinct ... ok
test standalone_draw_native_accessor_and_bounds_share_one_engine ... ok
test every_symbol_size_matches_independent_reference_and_palette_aliases ... ok

test result: ok. 3 passed; 0 failed; 0 ignored; 0 measured; 0 filtered out; finished in 0.02s

     Running tests/shape_symbol_integration.rs (target/debug/deps/shape_symbol_integration-ff3f035cf9309877)

running 5 tests
test size_guide_samples_use_the_actual_mapping_instead_of_input_units ... ok
test explicit_symbol_catalogs_validate_and_preserve_unknown_policy ... ok
test open_strokes_and_zero_size_do_not_create_filled_or_invisible_targets ... ok
test display_area_is_independent_of_log_center_and_legacy_point_radius ... ok
test mapped_types_and_size_guides_retain_exact_resolved_geometry ... ok

test result: ok. 5 passed; 0 failed; 0 ignored; 0 measured; 0 filtered out; finished in 0.01s

     Running tests/stage_cache.rs (target/debug/deps/stage_cache-34385101b4310da5)

running 3 tests
test exact_key_indexes_survive_old_snapshots_and_rebuild_after_correction_reorder_and_retention ... ok
test palette_changes_reuse_statistics_and_navigation_reuses_exact_marks ... ok
test unrelated_dataset_updates_reuse_exact_named_and_layer_tables_but_capture_new_coherent_store ... ok

test result: ok. 3 passed; 0 failed; 0 ignored; 0 measured; 0 filtered out; finished in 0.01s

     Running tests/statistics.rs (target/debug/deps/statistics-401710c7bb773624)

running 14 tests
test strict_inputs_budgets_and_incompatible_position_contracts_reject ... ok
test stored_d3_r7_reference_examples_match_only_the_agreed_quantile_definition ... ok
test named_generated_output_is_shared_and_cannot_be_reinterpreted_as_source ... ok
test count_requires_all_inputs_and_reports_invalid_strict_and_empty_groups ... ok
test dodge_uses_band_width_and_preserves_missing_slots ... ok
test fix04_quantiles_stable_summary_missing_and_explicit_empty_sum ... ok
test zero_preserving_transformed_stacks_work_and_unused_bad_generated_fields_reject ... ok
test fix05_intercept_ols_zoom_filter_degenerate_and_large_origin ... ok
test fix03_mixed_sign_stack_normalize_and_reorder_domains ... ok
test stable_accumulation_survives_intermediate_overflow_and_extreme_quantiles ... ok
test fix02_explicit_auto_constant_empty_and_overflow_bin_conservation ... ok
test transformed_stat_fields_are_not_transformed_again_and_mismatch_rejects ... ok
test seeded_jitter_is_stable_in_data_and_display_units ... ok
test exact_batch_fallback_after_append_correction_removal_and_reorder ... ok

test result: ok. 14 passed; 0 failed; 0 ignored; 0 measured; 0 filtered out; finished in 0.01s

     Running tests/streaming.rs (target/debug/deps/streaming-03466c75db882950)

running 9 tests
test queued_is_not_committed_backpressure_retries_conflicts_and_loss_are_observable ... ok
test supplied_watermark_exact_boundary_future_and_late_atomicity ... ok
test explicit_late_drop_accounts_whole_rows_and_count_order_is_ordinal ... ok
test event_time_arithmetic_schema_and_wire_are_checked_without_float_rounding ... ok
test incremental_invalid_values_limits_and_failed_preparations_do_not_poison_reuse ... ok
test follow_preserves_horizontal_span_and_inspect_freeze_keep_view_identity ... ok
test legacy_follow_window_is_used_by_prepared_timestamp_axis_after_reconciliation ... ok
test eviction_removes_active_selection_cancels_preview_and_preserves_labeled_pin_until_unpin ... ok
test exact_chunk_updates_preserve_bins_and_members_after_correction_removal_and_retention ... ok

test result: ok. 9 passed; 0 failed; 0 ignored; 0 measured; 0 filtered out; finished in 0.01s

   Doc-tests chart_core

running 2 tests
test crates/chart-core/src/lib.rs - (line 7) ... ok
test crates/chart-core/src/grammar/mod.rs - grammar (line 7) ... ok

test result: ok. 2 passed; 0 failed; 0 ignored; 0 measured; 0 filtered out; finished in 0.00s


running 4 tests
test crates/chart-core/src/plot/mapping.rs - plot::mapping::aes (line 171) - compile fail ... ok
test crates/chart-core/src/grammar/definition.rs - grammar::definition::SourceAes::x (line 359) - compile fail ... ok
test crates/chart-core/src/grammar/statistical_types.rs - grammar::statistical_types::StatAes::new (line 266) - compile fail ... ok
test crates/chart-core/src/plot/composition.rs - plot::composition::labels (line 96) - compile fail ... ok

test result: ok. 4 passed; 0 failed; 0 ignored; 0 measured; 0 filtered out; finished in 0.10s

all doctests ran in 3.81s; merged doctests compilation took 3.69s
