    Checking serde v1.0.229
    Checking bytemuck v1.25.2
   Compiling wasm-bindgen-shared v0.2.128
   Compiling rustversion v1.0.23
   Compiling pyo3-ffi v0.29.2
   Compiling pyo3 v0.29.2
   Compiling chart-python v0.1.0 (/workspace/crates/chart-python)
   Compiling wasm-bindgen-macro-support v0.2.128
    Checking font-types v0.12.4
    Checking font-types v0.11.3
    Checking tiny-skia-path v0.12.0
    Checking rgb v0.8.53
    Checking tiny-skia-path v0.11.4
    Checking rustybuzz v0.20.1
    Checking chart-core v0.1.0 (/workspace/crates/chart-core)
    Checking read-fonts v0.39.2
    Checking read-fonts v0.41.0
    Checking tiny-skia v0.11.4
    Checking tiny-skia v0.12.0
   Compiling wasm-bindgen v0.2.128
    Checking usvg v0.45.1
    Checking resvg v0.45.1
   Compiling wasm-bindgen-macro v0.2.128
    Checking skrifa v0.42.1
    Checking write-fonts v0.48.1
    Checking harfrust v0.12.0
    Checking skrifa v0.44.0
    Checking usvg v0.48.1
    Checking subsetter v0.2.6
    Checking resvg v0.48.1
    Checking krilla v0.8.2
    Checking svg2pdf v0.13.0
    Checking chart-text v0.1.0 (/workspace/crates/chart-text)
    Checking chart-extension-example v0.1.0 (/workspace/examples/custom-extension)
    Checking chart-export v0.1.0 (/workspace/crates/chart-export)
    Checking chart-wasm v0.1.0 (/workspace/crates/chart-wasm)
    Finished `dev` profile [unoptimized + debuginfo] target(s) in 15.10s
