inspection: stamp=SceneStamp { definition: Revision(1), store: Revision(0), layout: Revision(1), state: Revision(0), viewport: Revision(0) } target="row 15" label=Observation 15 · x 14 · value 7.96
inspection: stamp=SceneStamp { definition: Revision(1), store: Revision(0), layout: Revision(1), state: Revision(0), viewport: Revision(0) } target="row 14" label=Observation 14 · x 13 · value 7.29
inspection: stamp=SceneStamp { definition: Revision(1), store: Revision(0), layout: Revision(1), state: Revision(0), viewport: Revision(0) } target="row 13" label=Observation 13 · x 12 · value 5.93
inspection: stamp=SceneStamp { definition: Revision(1), store: Revision(0), layout: Revision(1), state: Revision(0), viewport: Revision(0) } target="row 12" label=Observation 12 · x 11 · value 4.31
inspection: stamp=SceneStamp { definition: Revision(1), store: Revision(0), layout: Revision(1), state: Revision(0), viewport: Revision(0) } target="row 13" label=Observation 13 · x 12 · value 5.93
inspection: stamp=SceneStamp { definition: Revision(1), store: Revision(0), layout: Revision(1), state: Revision(0), viewport: Revision(0) } target="row 13" label=Observation 13 · x 12 · value 5.93
inspection: stamp=SceneStamp { definition: Revision(1), store: Revision(0), layout: Revision(1), state: Revision(0), viewport: Revision(0) } target="row 1" label=Observation 1 · x 0 · value 5.00
inspection: stamp=SceneStamp { definition: Revision(1), store: Revision(0), layout: Revision(1), state: Revision(0), viewport: Revision(0) } target="row 1" label=Observation 1 · x 0 · value 5.00
inspection: stamp=SceneStamp { definition: Revision(2), store: Revision(0), layout: Revision(2), state: Revision(0), viewport: Revision(0) } target="aggregate" label=Histogram bin · 4 observations
inspection: stamp=SceneStamp { definition: Revision(2), store: Revision(0), layout: Revision(2), state: Revision(0), viewport: Revision(0) } target="aggregate" label=Histogram bin · 4 observations
inspection: stamp=SceneStamp { definition: Revision(2), store: Revision(0), layout: Revision(3), state: Revision(1), viewport: Revision(1) } target="aggregate" label=Histogram bin · 4 observations
inspection: stamp=SceneStamp { definition: Revision(2), store: Revision(0), layout: Revision(3), state: Revision(1), viewport: Revision(1) } target="aggregate" label=Histogram bin · 4 observations
report: mode=1 generation=0 metrics=NativeMetrics { layout_attempts: 4, paints: 29 } candidates=18 stamp=Some(SceneStamp { definition: Revision(3), store: Revision(0), layout: Revision(4), state: Revision(2), viewport: Revision(2) }) status=Some(Ready) error=None
inspection: stamp=SceneStamp { definition: Revision(3), store: Revision(0), layout: Revision(4), state: Revision(2), viewport: Revision(2) } target="row 15" label=Observation 15 · x 14 · value 7.96
inspection: stamp=SceneStamp { definition: Revision(3), store: Revision(0), layout: Revision(4), state: Revision(2), viewport: Revision(2) } target="row 15" label=Observation 15 · x 14 · value 7.96
report: mode=1 generation=0 metrics=NativeMetrics { layout_attempts: 4, paints: 33 } candidates=18 stamp=Some(SceneStamp { definition: Revision(3), store: Revision(0), layout: Revision(4), state: Revision(2), viewport: Revision(2) }) status=Some(Ready) error=None
inspection: stamp=SceneStamp { definition: Revision(4), store: Revision(0), layout: Revision(5), state: Revision(2), viewport: Revision(2) } target="row 14" label=Observation 14 · x 13 · value 7.29
inspection: stamp=SceneStamp { definition: Revision(4), store: Revision(0), layout: Revision(5), state: Revision(2), viewport: Revision(2) } target="row 14" label=Observation 14 · x 13 · value 7.29
inspection: stamp=SceneStamp { definition: Revision(4), store: Revision(0), layout: Revision(5), state: Revision(2), viewport: Revision(2) } target="row 15" label=Observation 15 · x 14 · value 7.96
inspection: stamp=SceneStamp { definition: Revision(4), store: Revision(0), layout: Revision(5), state: Revision(2), viewport: Revision(2) } target="row 14" label=Observation 14 · x 13 · value 7.29
inspection: stamp=SceneStamp { definition: Revision(4), store: Revision(0), layout: Revision(5), state: Revision(2), viewport: Revision(2) } target="row 13" label=Observation 13 · x 12 · value 5.93
inspection: stamp=SceneStamp { definition: Revision(4), store: Revision(0), layout: Revision(5), state: Revision(2), viewport: Revision(2) } target="row 12" label=Observation 12 · x 11 · value 4.31
inspection: stamp=SceneStamp { definition: Revision(4), store: Revision(0), layout: Revision(5), state: Revision(2), viewport: Revision(2) } target="row 13" label=Observation 13 · x 12 · value 5.93
inspection: stamp=SceneStamp { definition: Revision(4), store: Revision(0), layout: Revision(5), state: Revision(2), viewport: Revision(2) } target="row 14" label=Observation 14 · x 13 · value 7.29
inspection: stamp=SceneStamp { definition: Revision(4), store: Revision(0), layout: Revision(5), state: Revision(2), viewport: Revision(2) } target="row 15" label=Observation 15 · x 14 · value 7.96
inspection: stamp=SceneStamp { definition: Revision(4), store: Revision(0), layout: Revision(5), state: Revision(2), viewport: Revision(2) } target="row 16" label=Observation 16 · x 15 · value 7.77
inspection: stamp=SceneStamp { definition: Revision(4), store: Revision(0), layout: Revision(5), state: Revision(2), viewport: Revision(2) } target="row 17" label=Observation 17 · x 16 · value 6.75
inspection: stamp=SceneStamp { definition: Revision(4), store: Revision(0), layout: Revision(5), state: Revision(2), viewport: Revision(2) } target="row 18" label=Observation 18 · x 17 · value 5.22
inspection: stamp=SceneStamp { definition: Revision(4), store: Revision(0), layout: Revision(5), state: Revision(2), viewport: Revision(2) } target="row 19" label=Observation 19 · x 18 · value 3.63
inspection: stamp=SceneStamp { definition: Revision(4), store: Revision(0), layout: Revision(5), state: Revision(2), viewport: Revision(2) } target="row 20" label=Observation 20 · x 19 · value 2.44
inspection: stamp=SceneStamp { definition: Revision(4), store: Revision(0), layout: Revision(5), state: Revision(2), viewport: Revision(2) } target="row 21" label=Observation 21 · x 20 · value 2.00
inspection: stamp=SceneStamp { definition: Revision(4), store: Revision(0), layout: Revision(5), state: Revision(2), viewport: Revision(2) } target="row 21" label=Observation 21 · x 20 · value 2.00
inspection: stamp=SceneStamp { definition: Revision(4), store: Revision(0), layout: Revision(5), state: Revision(2), viewport: Revision(2) } target="row 20" label=Observation 20 · x 19 · value 2.44
inspection: stamp=SceneStamp { definition: Revision(4), store: Revision(0), layout: Revision(5), state: Revision(2), viewport: Revision(2) } target="row 19" label=Observation 19 · x 18 · value 3.63
inspection: stamp=SceneStamp { definition: Revision(4), store: Revision(0), layout: Revision(5), state: Revision(2), viewport: Revision(2) } target="row 18" label=Observation 18 · x 17 · value 5.22
inspection: stamp=SceneStamp { definition: Revision(4), store: Revision(0), layout: Revision(5), state: Revision(2), viewport: Revision(2) } target="row 16" label=Observation 16 · x 15 · value 7.77
inspection: stamp=SceneStamp { definition: Revision(4), store: Revision(0), layout: Revision(5), state: Revision(2), viewport: Revision(2) } target="row 15" label=Observation 15 · x 14 · value 7.96
inspection: stamp=SceneStamp { definition: Revision(4), store: Revision(0), layout: Revision(5), state: Revision(2), viewport: Revision(2) } target="row 14" label=Observation 14 · x 13 · value 7.29
inspection: stamp=SceneStamp { definition: Revision(4), store: Revision(0), layout: Revision(5), state: Revision(2), viewport: Revision(2) } target="row 13" label=Observation 13 · x 12 · value 5.93
inspection: stamp=SceneStamp { definition: Revision(4), store: Revision(0), layout: Revision(5), state: Revision(2), viewport: Revision(2) } target="row 12" label=Observation 12 · x 11 · value 4.31
inspection: stamp=SceneStamp { definition: Revision(4), store: Revision(0), layout: Revision(5), state: Revision(2), viewport: Revision(2) } target="row 8" label=Observation 8 · x 7 · value 3.05
lifecycle: remount=1; old_entity_released=true; old_layout_released=true
lifecycle: remount=2; old_entity_released=true; old_layout_released=true
report: mode=0 generation=2 metrics=NativeMetrics { layout_attempts: 1, paints: 3 } candidates=18 stamp=Some(SceneStamp { definition: Revision(9), store: Revision(0), layout: Revision(1), state: Revision(0), viewport: Revision(0) }) status=Some(Ready) error=None
inspection: stamp=SceneStamp { definition: Revision(9), store: Revision(0), layout: Revision(9), state: Revision(2), viewport: Revision(2) } target="row 2" label=Observation 2 · x 1 · value 6.57
inspection: stamp=SceneStamp { definition: Revision(9), store: Revision(0), layout: Revision(9), state: Revision(2), viewport: Revision(2) } target="row 2" label=Observation 2 · x 1 · value 6.57
inspection: stamp=SceneStamp { definition: Revision(9), store: Revision(0), layout: Revision(9), state: Revision(2), viewport: Revision(2) } target="row 3" label=Observation 3 · x 2 · value 7.67
inspection: stamp=SceneStamp { definition: Revision(9), store: Revision(0), layout: Revision(9), state: Revision(2), viewport: Revision(2) } target="row 3" label=Observation 3 · x 2 · value 7.67
inspection: stamp=SceneStamp { definition: Revision(9), store: Revision(0), layout: Revision(9), state: Revision(2), viewport: Revision(2) } target="row 2" label=Observation 2 · x 1 · value 6.57
inspection: stamp=SceneStamp { definition: Revision(9), store: Revision(0), layout: Revision(9), state: Revision(2), viewport: Revision(2) } target="row 2" label=Observation 2 · x 1 · value 6.57
inspection: stamp=SceneStamp { definition: Revision(9), store: Revision(0), layout: Revision(9), state: Revision(2), viewport: Revision(2) } target="row 3" label=Observation 3 · x 2 · value 7.67
inspection: stamp=SceneStamp { definition: Revision(9), store: Revision(0), layout: Revision(9), state: Revision(2), viewport: Revision(2) } target="row 4" label=Observation 4 · x 3 · value 7.99
inspection: stamp=SceneStamp { definition: Revision(9), store: Revision(0), layout: Revision(9), state: Revision(2), viewport: Revision(2) } target="row 5" label=Observation 5 · x 4 · value 7.43
inspection: stamp=SceneStamp { definition: Revision(9), store: Revision(0), layout: Revision(9), state: Revision(2), viewport: Revision(2) } target="row 6" label=Observation 6 · x 5 · value 6.14
inspection: stamp=SceneStamp { definition: Revision(9), store: Revision(0), layout: Revision(9), state: Revision(2), viewport: Revision(2) } target="row 7" label=Observation 7 · x 6 · value 4.53
inspection: stamp=SceneStamp { definition: Revision(9), store: Revision(0), layout: Revision(9), state: Revision(2), viewport: Revision(2) } target="row 8" label=Observation 8 · x 7 · value 3.05
inspection: stamp=SceneStamp { definition: Revision(9), store: Revision(0), layout: Revision(9), state: Revision(2), viewport: Revision(2) } target="row 8" label=Observation 8 · x 7 · value 3.05
inspection: stamp=SceneStamp { definition: Revision(9), store: Revision(0), layout: Revision(9), state: Revision(2), viewport: Revision(2) } target="row 7" label=Observation 7 · x 6 · value 4.53
inspection: stamp=SceneStamp { definition: Revision(9), store: Revision(0), layout: Revision(9), state: Revision(2), viewport: Revision(2) } target="row 6" label=Observation 6 · x 5 · value 6.14
inspection: stamp=SceneStamp { definition: Revision(9), store: Revision(0), layout: Revision(9), state: Revision(2), viewport: Revision(2) } target="row 5" label=Observation 5 · x 4 · value 7.43
inspection: stamp=SceneStamp { definition: Revision(9), store: Revision(0), layout: Revision(9), state: Revision(2), viewport: Revision(2) } target="row 4" label=Observation 4 · x 3 · value 7.99
inspection: stamp=SceneStamp { definition: Revision(10), store: Revision(0), layout: Revision(10), state: Revision(2), viewport: Revision(2) } target="row 4" label=Observation 4 · x 3 · value 7.99
inspection: stamp=SceneStamp { definition: Revision(10), store: Revision(0), layout: Revision(10), state: Revision(2), viewport: Revision(2) } target="row 5" label=Observation 5 · x 4 · value 7.43
inspection: stamp=SceneStamp { definition: Revision(10), store: Revision(0), layout: Revision(10), state: Revision(2), viewport: Revision(2) } target="row 6" label=Observation 6 · x 5 · value 6.14
inspection: stamp=SceneStamp { definition: Revision(10), store: Revision(0), layout: Revision(10), state: Revision(2), viewport: Revision(2) } target="row 12" label=Observation 12 · x 11 · value 4.31
report: mode=1 generation=2 metrics=NativeMetrics { layout_attempts: 8, paints: 55 } candidates=18 stamp=Some(SceneStamp { definition: Revision(10), store: Revision(0), layout: Revision(10), state: Revision(2), viewport: Revision(2) }) status=Some(Ready) error=Some(Diagnostic { code: InvalidResource, severity: Error, message: "Native layout requires the registered font revision and logical pixel units.", correction: "Supply a supported finite chart and the exact registered font resource, then prepare again.", context: DiagnosticContext { dataset: None, layer: None, field: None, resource: Some(ResourceId(999)), resource_revision: Some(Revision(0)), stamp: Some(SceneStamp { definition: Revision(10), store: Revision(0), layout: Revision(12), state: Revision(2), viewport: Revision(2) }), dataset_revision: None, schema_version: None, affected_rows: 0, row_samples: [] } })
invalid-input: Err(Diagnostic { code: SchemaConflict, severity: Error, message: "Numeric mapping field is absent; override incompatible inherited mappings.", correction: "Correct the declared mapping, operation, scope or budget before preparing again.", context: DiagnosticContext { dataset: Some(DatasetId(1)), layer: Some(LayerId(1)), field: Some(FieldId(999)), resource: None, resource_revision: None, stamp: None, dataset_revision: Some(Revision(0)), schema_version: Some(SchemaVersion(1)), affected_rows: 0, row_samples: [] } })
report: mode=1 generation=2 metrics=NativeMetrics { layout_attempts: 11, paints: 64 } candidates=0 stamp=Some(SceneStamp { definition: Revision(10), store: Revision(0), layout: Revision(17), state: Revision(2), viewport: Revision(2) }) status=Some(NoSpace) error=None
lifecycle: remount=3; old_entity_released=true; old_layout_released=true
lifecycle: remount=4; old_entity_released=true; old_layout_released=true
lifecycle: remount=5; old_entity_released=true; old_layout_released=true
lifecycle: remount=6; old_entity_released=true; old_layout_released=true
lifecycle: remount=7; old_entity_released=true; old_layout_released=true
report: mode=1 generation=7 metrics=NativeMetrics { layout_attempts: 1, paints: 3 } candidates=18 stamp=Some(SceneStamp { definition: Revision(15), store: Revision(0), layout: Revision(1), state: Revision(0), viewport: Revision(0) }) status=Some(Ready) error=None
report: mode=1 generation=7 metrics=NativeMetrics { layout_attempts: 2, paints: 6 } candidates=18 stamp=Some(SceneStamp { definition: Revision(15), store: Revision(0), layout: Revision(2), state: Revision(0), viewport: Revision(0) }) status=Some(Ready) error=None
lifecycle: window closed
