inspection: stamp=SceneStamp { definition: Revision(1), store: Revision(0), layout: Revision(1), state: Revision(0), viewport: Revision(0) } target="row 15" label=Observation 15 · x 14 · value 7.96
inspection: stamp=SceneStamp { definition: Revision(1), store: Revision(0), layout: Revision(1), state: Revision(0), viewport: Revision(0) } target="row 16" label=Observation 16 · x 15 · value 7.77
inspection: stamp=SceneStamp { definition: Revision(1), store: Revision(0), layout: Revision(1), state: Revision(0), viewport: Revision(0) } target="row 15" label=Observation 15 · x 14 · value 7.96
inspection: stamp=SceneStamp { definition: Revision(1), store: Revision(0), layout: Revision(1), state: Revision(0), viewport: Revision(0) } target="row 14" label=Observation 14 · x 13 · value 7.29
inspection: stamp=SceneStamp { definition: Revision(2), store: Revision(0), layout: Revision(2), state: Revision(0), viewport: Revision(0) } target="row 12" label=Observation 12 · 2024-02-29 00:00:00.000000187Z · value 4.31
inspection: stamp=SceneStamp { definition: Revision(2), store: Revision(0), layout: Revision(2), state: Revision(0), viewport: Revision(0) } target="row 12" label=Observation 12 · 2024-02-29 00:00:00.000000187Z · value 4.31
inspection: stamp=SceneStamp { definition: Revision(2), store: Revision(0), layout: Revision(2), state: Revision(0), viewport: Revision(0) } target="row 12" label=Observation 12 · 2024-02-29 00:00:00.000000187Z · value 4.31
inspection: stamp=SceneStamp { definition: Revision(2), store: Revision(0), layout: Revision(2), state: Revision(0), viewport: Revision(0) } target="row 1" label=Observation 1 · 2024-02-29 00:00:00.000000000Z · value 5.00
inspection: stamp=SceneStamp { definition: Revision(2), store: Revision(0), layout: Revision(2), state: Revision(0), viewport: Revision(0) } target="row 2" label=Observation 2 · 2024-02-29 00:00:00.000000017Z · value 6.57
inspection: stamp=SceneStamp { definition: Revision(2), store: Revision(0), layout: Revision(2), state: Revision(0), viewport: Revision(0) } target="row 2" label=Observation 2 · 2024-02-29 00:00:00.000000017Z · value 6.57
report: mode=3 generation=0 metrics=NativeMetrics { layout_attempts: 2, paints: 17 } candidates=18 stamp=Some(SceneStamp { definition: Revision(2), store: Revision(0), layout: Revision(2), state: Revision(0), viewport: Revision(0) }) status=Some(Ready) error=None
inspection: stamp=SceneStamp { definition: Revision(2), store: Revision(0), layout: Revision(2), state: Revision(0), viewport: Revision(0) } target="row 2" label=Observation 2 · 2024-02-29 00:00:00.000000017Z · value 6.57
inspection: stamp=SceneStamp { definition: Revision(2), store: Revision(0), layout: Revision(2), state: Revision(0), viewport: Revision(0) } target="row 2" label=Observation 2 · 2024-02-29 00:00:00.000000017Z · value 6.57
inspection: stamp=SceneStamp { definition: Revision(2), store: Revision(0), layout: Revision(2), state: Revision(0), viewport: Revision(0) } target="row 2" label=Observation 2 · 2024-02-29 00:00:00.000000017Z · value 6.57
inspection: stamp=SceneStamp { definition: Revision(2), store: Revision(0), layout: Revision(2), state: Revision(0), viewport: Revision(0) } target="row 2" label=Observation 2 · 2024-02-29 00:00:00.000000017Z · value 6.57
inspection: stamp=SceneStamp { definition: Revision(2), store: Revision(0), layout: Revision(2), state: Revision(0), viewport: Revision(0) } target="row 2" label=Observation 2 · 2024-02-29 00:00:00.000000017Z · value 6.57
inspection: stamp=SceneStamp { definition: Revision(2), store: Revision(0), layout: Revision(2), state: Revision(0), viewport: Revision(0) } target="row 2" label=Observation 2 · 2024-02-29 00:00:00.000000017Z · value 6.57
inspection: stamp=SceneStamp { definition: Revision(2), store: Revision(0), layout: Revision(2), state: Revision(0), viewport: Revision(0) } target="row 2" label=Observation 2 · 2024-02-29 00:00:00.000000017Z · value 6.57
inspection: stamp=SceneStamp { definition: Revision(2), store: Revision(0), layout: Revision(2), state: Revision(0), viewport: Revision(0) } target="row 2" label=Observation 2 · 2024-02-29 00:00:00.000000017Z · value 6.57
inspection: stamp=SceneStamp { definition: Revision(2), store: Revision(0), layout: Revision(2), state: Revision(0), viewport: Revision(0) } target="row 2" label=Observation 2 · 2024-02-29 00:00:00.000000017Z · value 6.57
inspection: stamp=SceneStamp { definition: Revision(2), store: Revision(0), layout: Revision(2), state: Revision(0), viewport: Revision(0) } target="row 2" label=Observation 2 · 2024-02-29 00:00:00.000000017Z · value 6.57
inspection: stamp=SceneStamp { definition: Revision(2), store: Revision(0), layout: Revision(2), state: Revision(0), viewport: Revision(0) } target="row 2" label=Observation 2 · 2024-02-29 00:00:00.000000017Z · value 6.57
inspection: stamp=SceneStamp { definition: Revision(2), store: Revision(0), layout: Revision(2), state: Revision(0), viewport: Revision(0) } target="row 2" label=Observation 2 · 2024-02-29 00:00:00.000000017Z · value 6.57
report: mode=1 generation=0 metrics=NativeMetrics { layout_attempts: 4, paints: 33 } candidates=18 stamp=Some(SceneStamp { definition: Revision(3), store: Revision(0), layout: Revision(3), state: Revision(0), viewport: Revision(0) }) status=Some(Ready) error=Some(Diagnostic { code: MissingResource, severity: Error, message: "Native layout requires the exact registered font revision.", correction: "Supply a supported finite chart and the exact registered font resource, then prepare again.", context: DiagnosticContext { dataset: None, layer: None, field: None, resource: Some(ResourceId(999)), resource_revision: Some(Revision(0)), stamp: Some(SceneStamp { definition: Revision(3), store: Revision(0), layout: Revision(5), state: Revision(0), viewport: Revision(0) }), dataset_revision: None, schema_version: None, affected_rows: 0, row_samples: [] } })
invalid-input: Err(Diagnostic { code: SchemaConflict, severity: Error, message: "Numeric mapping field is absent; override incompatible inherited mappings.", correction: "Correct the declared mapping, operation, scope or budget before preparing again.", context: DiagnosticContext { dataset: Some(DatasetId(1)), layer: Some(LayerId(1)), field: Some(FieldId(999)), resource: None, resource_revision: None, stamp: None, dataset_revision: Some(Revision(0)), schema_version: Some(SchemaVersion(1)), affected_rows: 0, row_samples: [] } })
lifecycle: remount=1; old_entity_released=true; old_layout_released=true
report: mode=1 generation=1 metrics=NativeMetrics { layout_attempts: 1, paints: 3 } candidates=0 stamp=Some(SceneStamp { definition: Revision(4), store: Revision(0), layout: Revision(1), state: Revision(0), viewport: Revision(0) }) status=Some(NoSpace) error=None
invalid-input: Err(Diagnostic { code: SchemaConflict, severity: Error, message: "Aesthetic stage does not match the declared source/generated output schema.", correction: "Correct the declared mapping, operation, scope or budget before preparing again.", context: DiagnosticContext { dataset: Some(DatasetId(1)), layer: Some(LayerId(1)), field: None, resource: None, resource_revision: None, stamp: None, dataset_revision: Some(Revision(0)), schema_version: Some(SchemaVersion(1)), affected_rows: 0, row_samples: [] } })
lifecycle: remount=2; old_entity_released=true; old_layout_released=true
inspection: stamp=SceneStamp { definition: Revision(7), store: Revision(0), layout: Revision(4), state: Revision(0), viewport: Revision(0) } target="row 4" label=Observation 4 · x 3 · value 7.99
inspection: stamp=SceneStamp { definition: Revision(7), store: Revision(0), layout: Revision(4), state: Revision(0), viewport: Revision(0) } target="row 5" label=Observation 5 · x 4 · value 7.43
inspection: stamp=SceneStamp { definition: Revision(7), store: Revision(0), layout: Revision(4), state: Revision(0), viewport: Revision(0) } target="row 6" label=Observation 6 · x 5 · value 6.14
inspection: stamp=SceneStamp { definition: Revision(7), store: Revision(0), layout: Revision(4), state: Revision(0), viewport: Revision(0) } target="row 5" label=Observation 5 · x 4 · value 7.43
inspection: stamp=SceneStamp { definition: Revision(7), store: Revision(0), layout: Revision(4), state: Revision(0), viewport: Revision(0) } target="row 6" label=Observation 6 · x 5 · value 6.14
inspection: stamp=SceneStamp { definition: Revision(7), store: Revision(0), layout: Revision(4), state: Revision(0), viewport: Revision(0) } target="row 7" label=Observation 7 · x 6 · value 4.53
inspection: stamp=SceneStamp { definition: Revision(7), store: Revision(0), layout: Revision(4), state: Revision(0), viewport: Revision(0) } target="row 8" label=Observation 8 · x 7 · value 3.05
inspection: stamp=SceneStamp { definition: Revision(7), store: Revision(0), layout: Revision(4), state: Revision(0), viewport: Revision(0) } target="row 7" label=Observation 7 · x 6 · value 4.53
inspection: stamp=SceneStamp { definition: Revision(7), store: Revision(0), layout: Revision(4), state: Revision(0), viewport: Revision(0) } target="row 6" label=Observation 6 · x 5 · value 6.14
inspection: stamp=SceneStamp { definition: Revision(7), store: Revision(0), layout: Revision(4), state: Revision(0), viewport: Revision(0) } target="row 5" label=Observation 5 · x 4 · value 7.43
inspection: stamp=SceneStamp { definition: Revision(7), store: Revision(0), layout: Revision(4), state: Revision(0), viewport: Revision(0) } target="row 4" label=Observation 4 · x 3 · value 7.99
inspection: stamp=SceneStamp { definition: Revision(7), store: Revision(0), layout: Revision(4), state: Revision(0), viewport: Revision(0) } target="row 2" label=Observation 2 · x 1 · value 6.57
inspection: stamp=SceneStamp { definition: Revision(7), store: Revision(0), layout: Revision(4), state: Revision(0), viewport: Revision(0) } target="row 12" label=Observation 12 · x 11 · value 4.31
lifecycle: window closed
