mise WARN  failed to write cache file: /Users/jeickmeier/Library/Caches/mise/protoc/35.1/bin_paths-a7857.msgpack.z Operation not permitted (os error 1)
mise WARN  failed to write cache file: /Users/jeickmeier/Library/Caches/mise/watchexec/2.5.1/bin_paths-a7857.msgpack.z Operation not permitted (os error 1)
[check] $ python3 scripts/check_repository.py
PASS: workspace edges, host isolation, single pinned GPUI identity, optional Kit and local Markdown file links.
Core/export isolation targets: aarch64-apple-darwin, x86_64-unknown-linux-gnu, wasm32-unknown-unknown
Scope: default resolved features; graph checks are not target execution. External links/anchors and unlisted host packages need review.
licenses ok, sources ok
   Compiling chart-gallery v0.1.0 (/Users/jeickmeier/Projects/finstack-chart/examples/chart-gallery)
    Finished `dev` profile [unoptimized + debuginfo] target(s) in 0.89s
warning: the following packages contain code that will be rejected by a future version of Rust: block v0.1.6
note: to see what the problems were, use the option `--future-incompat-report`, or run `cargo report future-incompatibilities --id 1`
   Compiling chart-core v0.1.0 (/Users/jeickmeier/Projects/finstack-chart/crates/chart-core)
   Compiling chart-text v0.1.0 (/Users/jeickmeier/Projects/finstack-chart/crates/chart-text)
   Compiling chart-extension-example v0.1.0 (/Users/jeickmeier/Projects/finstack-chart/examples/custom-extension)
   Compiling gpui-charts v0.1.0 (/Users/jeickmeier/Projects/finstack-chart/crates/gpui-charts)
   Compiling chart-export v0.1.0 (/Users/jeickmeier/Projects/finstack-chart/crates/chart-export)
   Compiling gpui-charts-kit v0.1.0 (/Users/jeickmeier/Projects/finstack-chart/crates/gpui-charts-kit)
   Compiling chart-gallery v0.1.0 (/Users/jeickmeier/Projects/finstack-chart/examples/chart-gallery)
    Finished `dev` profile [unoptimized + debuginfo] target(s) in 49.41s
warning: the following packages contain code that will be rejected by a future version of Rust: block v0.1.6
note: to see what the problems were, use the option `--future-incompat-report`, or run `cargo report future-incompatibilities --id 1`
   Compiling chart-gallery v0.1.0 (/Users/jeickmeier/Projects/finstack-chart/examples/chart-gallery)
    Finished `dev` profile [unoptimized + debuginfo] target(s) in 2.55s
warning: the following packages contain code that will be rejected by a future version of Rust: block v0.1.6
note: to see what the problems were, use the option `--future-incompat-report`, or run `cargo report future-incompatibilities --id 1`
    Checking chart-core v0.1.0 (/Users/jeickmeier/Projects/finstack-chart/crates/chart-core)
    Checking chart-text v0.1.0 (/Users/jeickmeier/Projects/finstack-chart/crates/chart-text)
    Checking chart-extension-example v0.1.0 (/Users/jeickmeier/Projects/finstack-chart/examples/custom-extension)
    Checking gpui-charts v0.1.0 (/Users/jeickmeier/Projects/finstack-chart/crates/gpui-charts)
    Checking chart-export v0.1.0 (/Users/jeickmeier/Projects/finstack-chart/crates/chart-export)
    Checking gpui-charts-kit v0.1.0 (/Users/jeickmeier/Projects/finstack-chart/crates/gpui-charts-kit)
    Checking chart-gallery v0.1.0 (/Users/jeickmeier/Projects/finstack-chart/examples/chart-gallery)
    Finished `dev` profile [unoptimized + debuginfo] target(s) in 20.02s
warning: the following packages contain code that will be rejected by a future version of Rust: block v0.1.6
note: to see what the problems were, use the option `--future-incompat-report`, or run `cargo report future-incompatibilities --id 1`
    Checking chart-core v0.1.0 (/Users/jeickmeier/Projects/finstack-chart/crates/chart-core)
    Checking pyo3 v0.29.2
    Checking chart-text v0.1.0 (/Users/jeickmeier/Projects/finstack-chart/crates/chart-text)
    Checking chart-extension-example v0.1.0 (/Users/jeickmeier/Projects/finstack-chart/examples/custom-extension)
    Checking chart-export v0.1.0 (/Users/jeickmeier/Projects/finstack-chart/crates/chart-export)
    Checking gpui-charts v0.1.0 (/Users/jeickmeier/Projects/finstack-chart/crates/gpui-charts)
    Checking chart-python v0.1.0 (/Users/jeickmeier/Projects/finstack-chart/crates/chart-python)
    Checking chart-wasm v0.1.0 (/Users/jeickmeier/Projects/finstack-chart/crates/chart-wasm)
    Checking chart-gallery v0.1.0 (/Users/jeickmeier/Projects/finstack-chart/examples/chart-gallery)
    Checking gpui-charts-kit v0.1.0 (/Users/jeickmeier/Projects/finstack-chart/crates/gpui-charts-kit)
    Finished `dev` profile [unoptimized + debuginfo] target(s) in 1m 33s
warning: the following packages contain code that will be rejected by a future version of Rust: block v0.1.6
note: to see what the problems were, use the option `--future-incompat-report`, or run `cargo report future-incompatibilities --id 1`
    Checking chart-core v0.1.0 (/Users/jeickmeier/Projects/finstack-chart/crates/chart-core)
    Checking chart-text v0.1.0 (/Users/jeickmeier/Projects/finstack-chart/crates/chart-text)
    Checking chart-extension-example v0.1.0 (/Users/jeickmeier/Projects/finstack-chart/examples/custom-extension)
    Checking chart-export v0.1.0 (/Users/jeickmeier/Projects/finstack-chart/crates/chart-export)
    Checking gpui-charts v0.1.0 (/Users/jeickmeier/Projects/finstack-chart/crates/gpui-charts)
    Checking gpui-charts-kit v0.1.0 (/Users/jeickmeier/Projects/finstack-chart/crates/gpui-charts-kit)
    Checking chart-gallery v0.1.0 (/Users/jeickmeier/Projects/finstack-chart/examples/chart-gallery)
    Checking chart-python v0.1.0 (/Users/jeickmeier/Projects/finstack-chart/crates/chart-python)
    Checking chart-wasm v0.1.0 (/Users/jeickmeier/Projects/finstack-chart/crates/chart-wasm)
    Finished `dev` profile [unoptimized + debuginfo] target(s) in 1m 09s
warning: the following packages contain code that will be rejected by a future version of Rust: block v0.1.6
note: to see what the problems were, use the option `--future-incompat-report`, or run `cargo report future-incompatibilities --id 1`
    Checking gpui-charts v0.1.0 (/Users/jeickmeier/Projects/finstack-chart/crates/gpui-charts)
 Documenting chart-export v0.1.0 (/Users/jeickmeier/Projects/finstack-chart/crates/chart-export)
 Documenting gpui-charts v0.1.0 (/Users/jeickmeier/Projects/finstack-chart/crates/gpui-charts)
 Documenting chart-extension-example v0.1.0 (/Users/jeickmeier/Projects/finstack-chart/examples/custom-extension)
 Documenting chart-text v0.1.0 (/Users/jeickmeier/Projects/finstack-chart/crates/chart-text)
 Documenting chart-core v0.1.0 (/Users/jeickmeier/Projects/finstack-chart/crates/chart-core)
 Documenting chart-wasm v0.1.0 (/Users/jeickmeier/Projects/finstack-chart/crates/chart-wasm)
 Documenting chart-python v0.1.0 (/Users/jeickmeier/Projects/finstack-chart/crates/chart-python)
 Documenting chart-gallery v0.1.0 (/Users/jeickmeier/Projects/finstack-chart/examples/chart-gallery)
 Documenting gpui-charts-kit v0.1.0 (/Users/jeickmeier/Projects/finstack-chart/crates/gpui-charts-kit)
error: unresolved link to `0,1`
   --> crates/chart-export/src/snapshot.rs:513:41
    |
513 |     /// Sample an explicit fraction in [0,1]. Passing 1 implements reduced motion;
    |                                         ^^^ no item named `0,1` in scope
    |
    = help: to escape `[` and `]` characters, add '\' before them like `\[` or `\]`
    = note: `-D rustdoc::broken-intra-doc-links` implied by `-D warnings`
    = help: to override `-D warnings` add `#[allow(rustdoc::broken_intra_doc_links)]`

error: could not document `chart-export`
warning: build failed, waiting for other jobs to finish...
error: unresolved link to `0,1`
  --> crates/chart-core/src/scene/guide.rs:92:37
   |
92 |     /// Continuous group alpha, in [0,1], before component color alpha.
   |                                     ^^^ no item named `0,1` in scope
   |
   = help: to escape `[` and `]` characters, add '\' before them like `\[` or `\]`
   = note: `-D rustdoc::broken-intra-doc-links` implied by `-D warnings`
   = help: to override `-D warnings` add `#[allow(rustdoc::broken_intra_doc_links)]`

error: could not document `chart-core`
[check] ERROR task failed
