   Compiling chart-core v0.1.0 (/Users/jeickmeier/Projects/finstack-chart/crates/chart-core)
    Finished `test` profile [unoptimized + debuginfo] target(s) in 3.61s
     Running tests/chromatic.rs (target/debug/deps/chromatic-772fad5a86221eee)

running 2 tests
test every_actual_scheme_array_is_exact_and_owned ... ok
test every_interpolator_sample_matches_exact_reference_bytes ... ok

test result: ok. 2 passed; 0 failed; 0 ignored; 0 measured; 0 filtered out; finished in 0.44s

     Running tests/chromatic_integration.rs (target/debug/deps/chromatic_integration-cc880be0585ba598)

running 7 tests
test equal_endpoint_swatches_do_not_erase_reversed_ramp_identity ... ok
test asymmetric_normalization_reversal_missing_and_guide_identity ... ok
test nonfinite_named_ordinal_keys_are_missing_and_do_not_shift_training ... ok
test palette_reconfiguration_reuses_tables_and_matches_fresh_preparation ... ok
test palette_metadata_checked_and_v1_v6_ingestion_is_strict ... ok
test exceptional_normalized_parameters_preserve_valid_reference_colors ... ok
test every_named_scale_composition_matches_pinned_reference ... ok

test result: ok. 7 passed; 0 failed; 0 ignored; 0 measured; 0 filtered out; finished in 0.02s

     Running tests/color_parity.rs (target/debug/deps/color_parity-e69fbf2042409b1c)

running 3 tests
test independent_color_math_and_quantization_preserve_floating_information ... ok
test color_descriptors_parser_budgets_and_channel_names_reject_malformed_inputs ... ok
test complete_color_oracle_covers_all_constructors_and_inherited_operations ... ok

test result: ok. 3 passed; 0 failed; 0 ignored; 0 measured; 0 filtered out; finished in 0.13s

     Running tests/interpolate_color.rs (target/debug/deps/interpolate_color-3e2507b2c8696e08)

running 2 tests
test floating_channels_opacity_hue_and_splines_keep_their_contracts ... ok
test every_color_export_gamma_and_hue_matches_offline_reference ... ok

test result: ok. 2 passed; 0 failed; 0 ignored; 0 measured; 0 filtered out; finished in 0.02s

     Running tests/shape_foundation.rs (target/debug/deps/shape_foundation-1f6b659699d8ce7a)

running 2 tests
test shape_inventory_accounts_for_methods_aliases_and_protocols ... ok
test every_reference_shape_context_uses_one_checked_path_engine ... ok

test result: ok. 2 passed; 0 failed; 0 ignored; 0 measured; 0 filtered out; finished in 0.02s

