   Compiling chart-core v0.1.0 (/Users/jeickmeier/Projects/finstack-chart/crates/chart-core)
   Compiling chart-text v0.1.0 (/Users/jeickmeier/Projects/finstack-chart/crates/chart-text)
   Compiling chart-extension-example v0.1.0 (/Users/jeickmeier/Projects/finstack-chart/examples/custom-extension)
   Compiling chart-export v0.1.0 (/Users/jeickmeier/Projects/finstack-chart/crates/chart-export)
    Finished `test` profile [unoptimized + debuginfo] target(s) in 27.15s
     Running tests/authoring.rs (target/debug/deps/authoring-463ea1b30b728598)

running 5 tests
test live_capture_requires_presentation_only_for_presented_basis ... ok
test repeated_frozen_paints_preserve_scene_and_capture_policy_after_live_commit ... ok
test ordinary_and_faceted_legends_share_exported_labels_and_source_provenance ... ok
test presented_current_projection_and_interaction_captures_remain_independent_after_disposal ... ok
test real_svg_pdf_png_preserve_component_text_geometry_and_physical_size ... ok

test result: ok. 5 passed; 0 failed; 0 ignored; 0 measured; 0 filtered out; finished in 5.02s

     Running tests/scale_distributions.rs (target/debug/deps/scale_distributions-784e5be8aacc6f3d)

running 4 tests
test named_mappings_use_independent_midpoint_radius_opacity_and_width ... ok
test post_stat_training_and_exact_integer_threshold_keys_reach_the_chart ... ok
test corrected_shared_quantile_population_matches_fresh_batch_and_ignores_zoom ... ok
test opacity_multiplies_floating_alpha_before_the_single_paint_boundary ... ok

test result: ok. 4 passed; 0 failed; 0 ignored; 0 measured; 0 filtered out; finished in 0.16s

