   Compiling chart-core v0.1.0 (/workspace/crates/chart-core)
    Finished `test` profile [unoptimized + debuginfo] target(s) in 28.11s
     Running tests/full_scales.rs (target/debug/deps/full_scales-91157937eac2655d)

running 4 tests
test supplied_sessions_compress_gaps_and_retain_exact_large_timestamps ... ok
test symlog_signed_roundtrip_extreme_ratio ... ok
test logarithmic_policies_roundtrips_and_invalids ... ok
test points_and_colors_have_declared_missing_and_domain_policy ... ok

test result: ok. 4 passed; 0 failed; 0 ignored; 0 measured; 0 filtered out; finished in 0.00s

     Running tests/ggplot_stages.rs (target/debug/deps/ggplot_stages-147556266a278d33)

running 10 tests
test inferred_multiple_discrete_fields_and_stat_override_use_exact_interactions ... ok
test logged_summary_projects_once_into_destination_geometry ... ok
test missing_discrete_values_and_float_group_keys_match_reference_partitions ... ok
test source_expressions_and_reductions_use_registered_data_before_filters ... ok
test horizontal_histogram_and_column_defaults_reuse_stat_and_geometry_stages ... ok
test after_stat_expressions_reduce_generated_populations_and_backtransform_log_values ... ok
test shared_statistics_use_source_grouping_and_scale_context_once ... ok
test after_scale_and_theme_expressions_preserve_defaults_overrides_and_old_snapshots ... ok
test scale_transforms_limits_and_oob_precede_statistics_while_coordinates_do_not ... ok
test profile_provenance_grouping_and_revision_survive_primary_and_legacy_round_trips ... ok

test result: ok. 10 passed; 0 failed; 0 ignored; 0 measured; 0 filtered out; finished in 0.08s

     Running tests/interpolate_color.rs (target/debug/deps/interpolate_color-7b4857376314861f)

running 2 tests
test floating_channels_opacity_hue_and_splines_keep_their_contracts ... ok
test every_color_export_gamma_and_hue_matches_offline_reference ... ok

test result: ok. 2 passed; 0 failed; 0 ignored; 0 measured; 0 filtered out; finished in 0.03s

     Running tests/interpolate_descriptors.rs (target/debug/deps/interpolate_descriptors-1eef2550181c192f)

running 2 tests
test every_descriptor_family_round_trips_and_keeps_owned_samples ... ok
test color_consumers_keep_floating_channels_and_portable_validation_is_strict ... ok

test result: ok. 2 passed; 0 failed; 0 ignored; 0 measured; 0 filtered out; finished in 0.01s

     Running tests/interpolate_scalar.rs (target/debug/deps/interpolate_scalar-be926a67b83f1518)

running 3 tests
test independent_rounding_composition_and_owned_sampling_contracts ... ok
test parameter_controls_and_output_counts_are_bounded ... ok
test every_scalar_and_composition_case_matches_the_offline_oracle ... ok

test result: ok. 3 passed; 0 failed; 0 ignored; 0 measured; 0 filtered out; finished in 0.02s

     Running tests/interpolate_values.rs (target/debug/deps/interpolate_values-2a5b672f903d5855)

running 3 tests
test independent_target_shapes_dates_casts_and_reuse ... ok
test every_structured_value_case_matches_offline_reference_and_adaptations ... ok
test strict_value_decoding_and_aggregate_limits_reject_invalid_inputs ... ok

test result: ok. 3 passed; 0 failed; 0 ignored; 0 measured; 0 filtered out; finished in 0.11s

     Running tests/paint_integration.rs (target/debug/deps/paint_integration-a053448030b174fb)

running 4 tests
test paint_retains_descriptors_and_legacy_bytes_with_strict_ingestion ... ok
test floating_color_only_edits_reuse_statistics_and_match_fresh_batch ... ok
test floating_palette_avoids_endpoint_rounding_and_preserves_legacy_mapping ... ok
test every_retained_paint_location_requires_version_four_and_preserves_legacy_versions ... ok

test result: ok. 4 passed; 0 failed; 0 ignored; 0 measured; 0 filtered out; finished in 0.02s

     Running tests/scale_classifier.rs (target/debug/deps/scale_classifier-9e18e6e8b3fde577)

running 2 tests
test generic_outputs_large_keys_and_population_corrections_are_independent ... ok
test all_pinned_classifier_cases_match_mapping_extents_and_cuts ... ok

test result: ok. 2 passed; 0 failed; 0 ignored; 0 measured; 0 filtered out; finished in 0.07s

     Running tests/scale_interpolated.rs (target/debug/deps/scale_interpolated-46f7f18a25e6da30)

running 3 tests
test custom_typed_interpolation_midpoint_rounding_and_rank_degeneracies ... ok
test continuous_typed_ranges_use_shared_numeric_knots ... ok
test all_pinned_sequential_diverging_and_rank_cases_match ... ok

test result: ok. 3 passed; 0 failed; 0 ignored; 0 measured; 0 filtered out; finished in 0.07s

     Running tests/scale_numeric.rs (target/debug/deps/scale_numeric-c22a985d3ddc329b)

running 2 tests
test independent_piecewise_radial_clamp_and_copy_contracts ... ok
test pinned_numeric_mapping_and_inverse_families_match ... ok

test result: ok. 2 passed; 0 failed; 0 ignored; 0 measured; 0 filtered out; finished in 0.09s

