mise WARN  failed to write cache file: /Users/jeickmeier/Library/Caches/mise/protoc/35.1/bin_paths-a7857.msgpack.z Operation not permitted (os error 1)
mise WARN  failed to write cache file: /Users/jeickmeier/Library/Caches/mise/watchexec/2.5.1/bin_paths-a7857.msgpack.z Operation not permitted (os error 1)
[check] $ python3 scripts/check_repository.py
PASS: workspace edges, host isolation, single pinned GPUI identity, optional Kit and local Markdown file links.
Core/export isolation targets: aarch64-apple-darwin, x86_64-unknown-linux-gnu, wasm32-unknown-unknown
Scope: default resolved features; graph checks are not target execution. External links/anchors and unlisted host packages need review.
licenses ok, sources ok
   Compiling chart-extension-example v0.1.0 (/Users/jeickmeier/Projects/finstack-chart/examples/custom-extension)
   Compiling chart-gallery v0.1.0 (/Users/jeickmeier/Projects/finstack-chart/examples/chart-gallery)
    Finished `dev` profile [unoptimized + debuginfo] target(s) in 0.85s
warning: the following packages contain code that will be rejected by a future version of Rust: block v0.1.6
note: to see what the problems were, use the option `--future-incompat-report`, or run `cargo report future-incompatibilities --id 1`
   Compiling chart-extension-example v0.1.0 (/Users/jeickmeier/Projects/finstack-chart/examples/custom-extension)
   Compiling chart-gallery v0.1.0 (/Users/jeickmeier/Projects/finstack-chart/examples/chart-gallery)
    Finished `dev` profile [unoptimized + debuginfo] target(s) in 1.07s
warning: the following packages contain code that will be rejected by a future version of Rust: block v0.1.6
note: to see what the problems were, use the option `--future-incompat-report`, or run `cargo report future-incompatibilities --id 1`
   Compiling chart-gallery v0.1.0 (/Users/jeickmeier/Projects/finstack-chart/examples/chart-gallery)
    Finished `dev` profile [unoptimized + debuginfo] target(s) in 0.98s
warning: the following packages contain code that will be rejected by a future version of Rust: block v0.1.6
note: to see what the problems were, use the option `--future-incompat-report`, or run `cargo report future-incompatibilities --id 1`
    Checking chart-extension-example v0.1.0 (/Users/jeickmeier/Projects/finstack-chart/examples/custom-extension)
    Checking chart-gallery v0.1.0 (/Users/jeickmeier/Projects/finstack-chart/examples/chart-gallery)
    Finished `dev` profile [unoptimized + debuginfo] target(s) in 0.69s
warning: the following packages contain code that will be rejected by a future version of Rust: block v0.1.6
note: to see what the problems were, use the option `--future-incompat-report`, or run `cargo report future-incompatibilities --id 1`
    Checking chart-extension-example v0.1.0 (/Users/jeickmeier/Projects/finstack-chart/examples/custom-extension)
    Checking chart-export v0.1.0 (/Users/jeickmeier/Projects/finstack-chart/crates/chart-export)
    Checking chart-gallery v0.1.0 (/Users/jeickmeier/Projects/finstack-chart/examples/chart-gallery)
    Finished `dev` profile [unoptimized + debuginfo] target(s) in 1.47s
warning: the following packages contain code that will be rejected by a future version of Rust: block v0.1.6
note: to see what the problems were, use the option `--future-incompat-report`, or run `cargo report future-incompatibilities --id 1`
    Checking chart-extension-example v0.1.0 (/Users/jeickmeier/Projects/finstack-chart/examples/custom-extension)
    Checking chart-export v0.1.0 (/Users/jeickmeier/Projects/finstack-chart/crates/chart-export)
    Checking chart-gallery v0.1.0 (/Users/jeickmeier/Projects/finstack-chart/examples/chart-gallery)
    Finished `dev` profile [unoptimized + debuginfo] target(s) in 1.41s
warning: the following packages contain code that will be rejected by a future version of Rust: block v0.1.6
note: to see what the problems were, use the option `--future-incompat-report`, or run `cargo report future-incompatibilities --id 1`
 Documenting chart-gallery v0.1.0 (/Users/jeickmeier/Projects/finstack-chart/examples/chart-gallery)
 Documenting chart-extension-example v0.1.0 (/Users/jeickmeier/Projects/finstack-chart/examples/custom-extension)
    Finished `dev` profile [unoptimized + debuginfo] target(s) in 1.60s
warning: the following packages contain code that will be rejected by a future version of Rust: block v0.1.6
note: to see what the problems were, use the option `--future-incompat-report`, or run `cargo report future-incompatibilities --id 1`
   Generated /Users/jeickmeier/Projects/finstack-chart/target/doc/chart_core/index.html and 8 other files
    Checking chart-core v0.1.0 (/Users/jeickmeier/Projects/finstack-chart/crates/chart-core)
    Finished `dev` profile [unoptimized + debuginfo] target(s) in 2.59s
